******************************************************************************
               TMS320C6x Linker PC v7.4.18                     
******************************************************************************
>> Linked Fri Nov 30 01:04:51 2018

OUTPUT FILE NAME:   <wah_proj.out>
ENTRY POINT SYMBOL: "_c_int00"  address: 0000ad80


MEMORY CONFIGURATION

         name            origin    length      used     unused   attr    fill
----------------------  --------  ---------  --------  --------  ----  --------
  IVECS                 00000000   00000220  00000200  00000020  RWIX
  IRAM                  00000220   0002bde0  0000b480  00020960  RWIX
  DATA_C                0002c000   00004000  00000000  00004000  RWIX
  SDRAM                 80000000   00100000  00000000  00100000  RWIX
  FLASH                 90000000   00020000  00000000  00020000  RWIX


SECTION ALLOCATION MAP

 output                                  attributes/
section   page    origin      length       input sections
--------  ----  ----------  ----------   ----------------
.vecs      0    00000000    00000200     
                  00000000    00000200     Vectors_intr.obj (.vecs)

.bss       0    00000220    00000000     UNINITIALIZED

.far       0    00000220    000061b4     UNINITIALIZED
                  00000220    00004b0e     main.obj (.far)
                  00004d2e    00000002     dsk6713bsl.lib : dsk6713.obj (.far)
                  00004d30    000012c0     bp_iir.obj (.far)
                  00005ff0    00000120     rts6700.lib : pow.obj (.far)
                  00006110    000000f4     csl6713.lib : csl_irq.obj (.far)
                  00006204    00000004     rts6700.lib : errno.obj (.far)
                  00006208    00000068     AutoWah.obj (.far)
                  00006270    00000058     c6713dskinit.obj (.far)
                  000062c8    00000040     rts6700.lib : cos.obj (.far)
                  00006308    00000038     csl6713.lib : csl_mcbsp.obj (.far)
                  00006340    00000038     rts6700.lib : tan.obj (.far)
                  00006378    00000028     dsk6713bsl.lib : dsk6713_aic23_registers.obj (.far)
                  000063a0    00000020                    : dsk6713_aic23_setfreq.obj (.far)
                  000063c0    0000000c     rts6700.lib : exit.obj (.far)
                  000063cc    00000008     dsk6713bsl.lib : dsk6713_aic23_opencodec.obj (.far)

.text      0    000063e0    00004d00     
                  000063e0    00000900     rts6700.lib : pow.obj (.text:_pow)
                  00006ce0    000007a0     c6713dskinit.obj (.text)
                  00007480    00000720     rts6700.lib : divd.obj (.text:__divd)
                  00007ba0    000005a0     bp_iir.obj (.text)
                  00008140    00000480     dsk6713bsl.lib : dsk6713.obj (.text)
                  000085c0    000003a0     rts6700.lib : tan.obj (.text:_tan)
                  00008960    00000340                 : cos.obj (.text:_cos)
                  00008ca0    00000320     dsk6713bsl.lib : dsk6713_aic23_opencodec.obj (.text)
                  00008fc0    000002e0     AutoWah.obj (.text)
                  000092a0    00000240     rts6700.lib : memcpy62.obj (.text:_memcpy)
                  000094e0    00000220     main.obj (.text:retain)
                  00009700    000001c0     csl6713.lib : csl_irq.obj (.text:_IRQ_map)
                  000098c0    000001a0                 : csl_mcbsp.obj (.text:_MCBSP_reset)
                  00009a60    000001a0     rts6700.lib : ldexp.obj (.text:_ldexp)
                  00009c00    00000160     dsk6713bsl.lib : dsk6713_aic23_registers.obj (.text)
                  00009d60    00000140     rts6700.lib : frcmpyd_div.obj (.text:__frcmpyd_div)
                  00009ea0    00000140                 : sqrt.obj (.text:_sqrt)
                  00009fe0    00000120                 : divi.obj (.text:__divi)
                  0000a100    00000120                 : frexp.obj (.text:_frexp)
                  0000a220    00000100     csl6713.lib : csl_mcbsp.obj (.text:_MCBSP_open)
                  0000a320    00000100                 : csl_mcbsp.obj (.text:_MCBSP_start)
                  0000a420    00000100     rts6700.lib : autoinit.obj (.text:__auto_init)
                  0000a520    00000100                 : remi.obj (.text:__remi)
                  0000a620    000000e0                 : round.obj (.text:__nround)
                  0000a700    000000e0                 : strasg.obj (.text:__strasg)
                  0000a7e0    000000e0                 : exit.obj (.text:_exit)
                  0000a8c0    000000e0                 : modf.obj (.text:_modf)
                  0000a9a0    000000c0                 : cpy_tbl.obj (.text:_copy_in)
                  0000aa60    000000c0     dsk6713bsl.lib : dsk6713_aic23_setfreq.obj (.text)
                  0000ab20    000000a0     csl6713.lib : csl_mcbsp.obj (.text:_MCBSP_config)
                  0000abc0    000000a0     rts6700.lib : mpyll.obj (.text:__mpyll)
                  0000ac60    000000a0     csl6713.lib : csl_irq.obj (.text:_setMux)
                  0000ad00    00000080     rts6700.lib : cpp_init.obj (.text:___TI_cpp_init)
                  0000ad80    00000080                 : boot.obj (.text:_c_int00)
                  0000ae00    00000060                 : llshift.obj (.text:__llshru)
                  0000ae60    00000040     csl6713.lib : csl_irq.obj (.text:_IRQ_enable)
                  0000aea0    00000040                 : csl_irq.obj (.text:_IRQ_reset)
                  0000aee0    00000040     rts6700.lib : args_main.obj (.text:__args_main)
                  0000af20    00000040                 : trunc.obj (.text:__trunc)
                  0000af60    00000020     Vectors_intr.obj (.text)
                  0000af80    00000020     csl6713.lib : csl_irq.obj (.text:_IRQ_globalDisable)
                  0000afa0    00000020                 : csl_irq.obj (.text:_IRQ_globalEnable)
                  0000afc0    00000020                 : csl_irq.obj (.text:_IRQ_nmiEnable)
                  0000afe0    00000020                 : csl_mcbsp.obj (.text:_MCBSP_getXmtEventId)
                  0000b000    00000020                 : csl_mcbsp.obj (.text:_MCBSP_read)
                  0000b020    00000020                 : csl_mcbsp.obj (.text:_MCBSP_rrdy)
                  0000b040    00000020                 : csl_mcbsp.obj (.text:_MCBSP_write)
                  0000b060    00000020                 : csl_mcbsp.obj (.text:_MCBSP_xrdy)
                  0000b080    00000020     rts6700.lib : exit.obj (.text:_abort)
                  0000b0a0    00000020     csl6713.lib : csl_irq.obj (.text)
                  0000b0c0    00000020     main.obj (.text)

.cinit     0    0000b0e0    0000046c     
                  0000b0e0    00000140     rts6700.lib : pow.obj (.cinit)
                  0000b220    0000012c     csl6713.lib : csl_irq.obj (.cinit)
                  0000b34c    00000004     --HOLE-- [fill = 0]
                  0000b350    00000058     c6713dskinit.obj (.cinit)
                  0000b3a8    00000054     csl6713.lib : csl_mcbsp.obj (.cinit)
                  0000b3fc    00000004     --HOLE-- [fill = 0]
                  0000b400    00000048     rts6700.lib : cos.obj (.cinit)
                  0000b448    00000048                 : tan.obj (.cinit)
                  0000b490    00000030     dsk6713bsl.lib : dsk6713_aic23_registers.obj (.cinit)
                  0000b4c0    0000002c     rts6700.lib : exit.obj (.cinit)
                  0000b4ec    00000004     --HOLE-- [fill = 0]
                  0000b4f0    00000028     dsk6713bsl.lib : dsk6713_aic23_setfreq.obj (.cinit)
                  0000b518    0000001a     main.obj (.cinit)
                  0000b532    00000006     --HOLE-- [fill = 0]
                  0000b538    0000000c     rts6700.lib : errno.obj (.cinit)
                  0000b544    00000004     --HOLE-- [fill = 0]
                  0000b548    00000004     (.pad.cinit) [fill = 0]

.stack     0    0000b550    00000100     UNINITIALIZED
                  0000b550    00000008     rts6700.lib : boot.obj (.stack)
                  0000b558    000000f8     --HOLE--

.const     0    0000b650    00000060     
                  0000b650    00000040     dsk6713bsl.lib : dsk6713_aic23_opencodec.obj (.const)
                  0000b690    00000020                    : dsk6713.obj (.const)


GLOBAL SYMBOLS: SORTED ALPHABETICALLY BY Name 

address    name
--------   ----
00000220   $bss
00000220   .bss
000063e0   .text
0000b080   C$$EXIT
0000627c   _AIC23CfgData
00006270   _AIC_data
00008fc0   _AutoWah_init
000090e0   _AutoWah_process
0000912c   _AutoWah_sweep
000063cc   _DSK6713_AIC23_codeccontrolhandle
000063d0   _DSK6713_AIC23_codecdatahandle
00009cc0   _DSK6713_AIC23_config
00008ca0   _DSK6713_AIC23_openCodec
00009c9c   _DSK6713_AIC23_rget
00009c00   _DSK6713_AIC23_rset
0000aa60   _DSK6713_AIC23_setFreq
00008554   _DSK6713_getVersion
0000818c   _DSK6713_init
000084a8   _DSK6713_rget
000084bc   _DSK6713_rset
00004d2e   _DSK6713_version
000084d0   _DSK6713_wait
00008528   _DSK6713_waitusec
0000ae60   _IRQ_enable
0000af80   _IRQ_globalDisable
0000afa0   _IRQ_globalEnable
00009700   _IRQ_map
0000afc0   _IRQ_nmiEnable
0000aea0   _IRQ_reset
0000ab20   _MCBSP_config
0000afe0   _MCBSP_getXmtEventId
0000a220   _MCBSP_open
0000b000   _MCBSP_read
000098c0   _MCBSP_reset
0000b020   _MCBSP_rrdy
0000a320   _MCBSP_start
0000b040   _MCBSP_write
0000b060   _MCBSP_xrdy
00000224   _Xn
00000228   _XnBuf
000061fc   __IRQ_dispatchTable
00006138   __IRQ_eventTable
0000b0a0   __IRQ_hookFetchPacket
000061bc   __IRQ_intTable
00006338   __MCBSP_hDev0
0000633c   __MCBSP_hDev1
0000b650   __STACK_END
00000100   __STACK_SIZE
00000001   __TI_args_main
0000ad00   ___TI_cpp_init
000063c8   ___TI_enable_exit_profile_output
ffffffff   ___TI_pprof_out_hndl
ffffffff   ___TI_prof_data_size
ffffffff   ___TI_prof_data_start
ffffffff   ___binit__
00000220   ___bss__
ffffffff   ___c_args__
0000b0e0   ___cinit__
00000220   ___end__
0000b0e0   ___etext__
ffffffff   ___pinit__
000063e0   ___text__
0000aee0   __args_main
0000a420   __auto_init
00009fe0   __c6xabi_divi
0000a520   __c6xabi_remi
000063c0   __cleanup_ptr
00007480   __divd
00009fe0   __divi
000063c4   __dtors_ptr
00009d60   __frcmpyd_div
0000ae00   __llshru
0000abc0   __mpyll
0000a620   __nround
0000a520   __remi
0000b550   __stack
0000a700   __strasg
0000af20   __trunc
0000b080   _abort
00007fe8   _bp_iir_filter
00007ba0   _bp_iir_init
00007ed8   _bp_iir_setup
00006ce0   _c6713_dsk_init
0000ad80   _c_int00
000094e0   _c_int11
00006dd8   _comm_intr
00006da4   _comm_poll
0000629c   _config
0000a9a0   _copy_in
00008960   _cos
00006204   _errno
0000a7e0   _exit
0000a100   _frexp
00000220   _fs
000062c4   _hAIC23_handle
00004d28   _i
000072e0   _input_left_sample
000073a8   _input_right_sample
000071dc   _input_sample
00009a60   _ldexp
0000b0c0   _main
000092a0   _memcpy
0000a8c0   _modf
0000701c   _output_left_sample
000070fc   _output_right_sample
00006f04   _output_sample
000063e0   _pow
00009ea0   _sqrt
000085c0   _tan
00000020   _vector1
00000140   _vector10
00000180   _vector12
000001a0   _vector13
000001c0   _vector14
000001e0   _vector15
00000040   _vector2
00000060   _vector3
00000080   _vector4
000000a0   _vector5
000000c0   _vector6
000000e0   _vector7
00000100   _vector8
00000120   _vector9
00000000   _vectors
00004d2a   _xin
000027a8   _ynBuf
00004d2c   _yout
ffffffff   binit
0000b0e0   cinit
00000220   end
0000b0e0   etext
ffffffff   pinit


GLOBAL SYMBOLS: SORTED BY Symbol Address 

address    name
--------   ----
00000000   _vectors
00000001   __TI_args_main
00000020   _vector1
00000040   _vector2
00000060   _vector3
00000080   _vector4
000000a0   _vector5
000000c0   _vector6
000000e0   _vector7
00000100   __STACK_SIZE
00000100   _vector8
00000120   _vector9
00000140   _vector10
00000180   _vector12
000001a0   _vector13
000001c0   _vector14
000001e0   _vector15
00000220   $bss
00000220   .bss
00000220   ___bss__
00000220   ___end__
00000220   _fs
00000220   end
00000224   _Xn
00000228   _XnBuf
000027a8   _ynBuf
00004d28   _i
00004d2a   _xin
00004d2c   _yout
00004d2e   _DSK6713_version
00006138   __IRQ_eventTable
000061bc   __IRQ_intTable
000061fc   __IRQ_dispatchTable
00006204   _errno
00006270   _AIC_data
0000627c   _AIC23CfgData
0000629c   _config
000062c4   _hAIC23_handle
00006338   __MCBSP_hDev0
0000633c   __MCBSP_hDev1
000063c0   __cleanup_ptr
000063c4   __dtors_ptr
000063c8   ___TI_enable_exit_profile_output
000063cc   _DSK6713_AIC23_codeccontrolhandle
000063d0   _DSK6713_AIC23_codecdatahandle
000063e0   .text
000063e0   ___text__
000063e0   _pow
00006ce0   _c6713_dsk_init
00006da4   _comm_poll
00006dd8   _comm_intr
00006f04   _output_sample
0000701c   _output_left_sample
000070fc   _output_right_sample
000071dc   _input_sample
000072e0   _input_left_sample
000073a8   _input_right_sample
00007480   __divd
00007ba0   _bp_iir_init
00007ed8   _bp_iir_setup
00007fe8   _bp_iir_filter
0000818c   _DSK6713_init
000084a8   _DSK6713_rget
000084bc   _DSK6713_rset
000084d0   _DSK6713_wait
00008528   _DSK6713_waitusec
00008554   _DSK6713_getVersion
000085c0   _tan
00008960   _cos
00008ca0   _DSK6713_AIC23_openCodec
00008fc0   _AutoWah_init
000090e0   _AutoWah_process
0000912c   _AutoWah_sweep
000092a0   _memcpy
000094e0   _c_int11
00009700   _IRQ_map
000098c0   _MCBSP_reset
00009a60   _ldexp
00009c00   _DSK6713_AIC23_rset
00009c9c   _DSK6713_AIC23_rget
00009cc0   _DSK6713_AIC23_config
00009d60   __frcmpyd_div
00009ea0   _sqrt
00009fe0   __c6xabi_divi
00009fe0   __divi
0000a100   _frexp
0000a220   _MCBSP_open
0000a320   _MCBSP_start
0000a420   __auto_init
0000a520   __c6xabi_remi
0000a520   __remi
0000a620   __nround
0000a700   __strasg
0000a7e0   _exit
0000a8c0   _modf
0000a9a0   _copy_in
0000aa60   _DSK6713_AIC23_setFreq
0000ab20   _MCBSP_config
0000abc0   __mpyll
0000ad00   ___TI_cpp_init
0000ad80   _c_int00
0000ae00   __llshru
0000ae60   _IRQ_enable
0000aea0   _IRQ_reset
0000aee0   __args_main
0000af20   __trunc
0000af80   _IRQ_globalDisable
0000afa0   _IRQ_globalEnable
0000afc0   _IRQ_nmiEnable
0000afe0   _MCBSP_getXmtEventId
0000b000   _MCBSP_read
0000b020   _MCBSP_rrdy
0000b040   _MCBSP_write
0000b060   _MCBSP_xrdy
0000b080   C$$EXIT
0000b080   _abort
0000b0a0   __IRQ_hookFetchPacket
0000b0c0   _main
0000b0e0   ___cinit__
0000b0e0   ___etext__
0000b0e0   cinit
0000b0e0   etext
0000b550   __stack
0000b650   __STACK_END
ffffffff   ___TI_pprof_out_hndl
ffffffff   ___TI_prof_data_size
ffffffff   ___TI_prof_data_start
ffffffff   ___binit__
ffffffff   ___c_args__
ffffffff   ___pinit__
ffffffff   binit
ffffffff   pinit

[132 symbols]
