<?xml version="1.0"?>
<link_info>
   <banner>TMS320C6x Linker PC v7.4.18</banner>
   <copyright>Copyright (c) 1996-2015 Texas Instruments Incorporated</copyright>
   <link_time>0x5c007ea3</link_time>
   <output_file>wah_proj.out</output_file>
   <entry_point>
      <name>_c_int00</name>
      <address>0xad80</address>
   </entry_point>
   <input_file_list>
      <input_file id="fl-2">
         <path>.\</path>
         <kind>object</kind>
         <file>AutoWah.obj</file>
         <name>AutoWah.obj</name>
      </input_file>
      <input_file id="fl-3">
         <path>.\</path>
         <kind>object</kind>
         <file>Vectors_intr.obj</file>
         <name>Vectors_intr.obj</name>
      </input_file>
      <input_file id="fl-4">
         <path>.\</path>
         <kind>object</kind>
         <file>bp_iir.obj</file>
         <name>bp_iir.obj</name>
      </input_file>
      <input_file id="fl-5">
         <path>.\</path>
         <kind>object</kind>
         <file>c6713dskinit.obj</file>
         <name>c6713dskinit.obj</name>
      </input_file>
      <input_file id="fl-6">
         <path>.\</path>
         <kind>object</kind>
         <file>main.obj</file>
         <name>main.obj</name>
      </input_file>
      <input_file id="fl-84">
         <path>C:\ti\ccsv6\tools\compiler\c6000_7.4.18\lib\</path>
         <kind>archive</kind>
         <file>rts6700.lib</file>
         <name>boot.obj</name>
      </input_file>
      <input_file id="fl-85">
         <path>C:\ti\ccsv6\tools\compiler\c6000_7.4.18\lib\</path>
         <kind>archive</kind>
         <file>rts6700.lib</file>
         <name>cos.obj</name>
      </input_file>
      <input_file id="fl-86">
         <path>C:\ti\ccsv6\tools\compiler\c6000_7.4.18\lib\</path>
         <kind>archive</kind>
         <file>rts6700.lib</file>
         <name>divd.obj</name>
      </input_file>
      <input_file id="fl-87">
         <path>C:\ti\ccsv6\tools\compiler\c6000_7.4.18\lib\</path>
         <kind>archive</kind>
         <file>rts6700.lib</file>
         <name>divi.obj</name>
      </input_file>
      <input_file id="fl-88">
         <path>C:\ti\ccsv6\tools\compiler\c6000_7.4.18\lib\</path>
         <kind>archive</kind>
         <file>rts6700.lib</file>
         <name>exit.obj</name>
      </input_file>
      <input_file id="fl-89">
         <path>C:\ti\ccsv6\tools\compiler\c6000_7.4.18\lib\</path>
         <kind>archive</kind>
         <file>rts6700.lib</file>
         <name>frcmpyd_div.obj</name>
      </input_file>
      <input_file id="fl-8a">
         <path>C:\ti\ccsv6\tools\compiler\c6000_7.4.18\lib\</path>
         <kind>archive</kind>
         <file>rts6700.lib</file>
         <name>llshift.obj</name>
      </input_file>
      <input_file id="fl-8b">
         <path>C:\ti\ccsv6\tools\compiler\c6000_7.4.18\lib\</path>
         <kind>archive</kind>
         <file>rts6700.lib</file>
         <name>modf.obj</name>
      </input_file>
      <input_file id="fl-8c">
         <path>C:\ti\ccsv6\tools\compiler\c6000_7.4.18\lib\</path>
         <kind>archive</kind>
         <file>rts6700.lib</file>
         <name>mpyll.obj</name>
      </input_file>
      <input_file id="fl-8d">
         <path>C:\ti\ccsv6\tools\compiler\c6000_7.4.18\lib\</path>
         <kind>archive</kind>
         <file>rts6700.lib</file>
         <name>pow.obj</name>
      </input_file>
      <input_file id="fl-8e">
         <path>C:\ti\ccsv6\tools\compiler\c6000_7.4.18\lib\</path>
         <kind>archive</kind>
         <file>rts6700.lib</file>
         <name>remi.obj</name>
      </input_file>
      <input_file id="fl-8f">
         <path>C:\ti\ccsv6\tools\compiler\c6000_7.4.18\lib\</path>
         <kind>archive</kind>
         <file>rts6700.lib</file>
         <name>round.obj</name>
      </input_file>
      <input_file id="fl-90">
         <path>C:\ti\ccsv6\tools\compiler\c6000_7.4.18\lib\</path>
         <kind>archive</kind>
         <file>rts6700.lib</file>
         <name>sqrt.obj</name>
      </input_file>
      <input_file id="fl-91">
         <path>C:\ti\ccsv6\tools\compiler\c6000_7.4.18\lib\</path>
         <kind>archive</kind>
         <file>rts6700.lib</file>
         <name>tan.obj</name>
      </input_file>
      <input_file id="fl-92">
         <path>C:\ti\ccsv6\tools\compiler\c6000_7.4.18\lib\</path>
         <kind>archive</kind>
         <file>rts6700.lib</file>
         <name>trunc.obj</name>
      </input_file>
      <input_file id="fl-93">
         <path>C:\ti\ccsv6\tools\compiler\c6000_7.4.18\lib\</path>
         <kind>archive</kind>
         <file>rts6700.lib</file>
         <name>args_main.obj</name>
      </input_file>
      <input_file id="fl-94">
         <path>C:\ti\ccsv6\tools\compiler\c6000_7.4.18\lib\</path>
         <kind>archive</kind>
         <file>rts6700.lib</file>
         <name>autoinit.obj</name>
      </input_file>
      <input_file id="fl-95">
         <path>C:\ti\ccsv6\tools\compiler\c6000_7.4.18\lib\</path>
         <kind>archive</kind>
         <file>rts6700.lib</file>
         <name>cpp_init.obj</name>
      </input_file>
      <input_file id="fl-96">
         <path>C:\ti\ccsv6\tools\compiler\c6000_7.4.18\lib\</path>
         <kind>archive</kind>
         <file>rts6700.lib</file>
         <name>cpy_tbl.obj</name>
      </input_file>
      <input_file id="fl-97">
         <path>C:\ti\ccsv6\tools\compiler\c6000_7.4.18\lib\</path>
         <kind>archive</kind>
         <file>rts6700.lib</file>
         <name>errno.obj</name>
      </input_file>
      <input_file id="fl-98">
         <path>C:\ti\ccsv6\tools\compiler\c6000_7.4.18\lib\</path>
         <kind>archive</kind>
         <file>rts6700.lib</file>
         <name>frexp.obj</name>
      </input_file>
      <input_file id="fl-99">
         <path>C:\ti\ccsv6\tools\compiler\c6000_7.4.18\lib\</path>
         <kind>archive</kind>
         <file>rts6700.lib</file>
         <name>ldexp.obj</name>
      </input_file>
      <input_file id="fl-9a">
         <path>C:\ti\ccsv6\tools\compiler\c6000_7.4.18\lib\</path>
         <kind>archive</kind>
         <file>rts6700.lib</file>
         <name>memcpy62.obj</name>
      </input_file>
      <input_file id="fl-9b">
         <path>C:\ti\CCCStudio_v3.1\C6000\csl\lib\</path>
         <kind>archive</kind>
         <file>csl6713.lib</file>
         <name>csl_irq.obj</name>
      </input_file>
      <input_file id="fl-9c">
         <path>C:\ti\CCCStudio_v3.1\C6000\csl\lib\</path>
         <kind>archive</kind>
         <file>csl6713.lib</file>
         <name>csl_mcbsp.obj</name>
      </input_file>
      <input_file id="fl-9d">
         <path>C:\ti\CCCStudio_v3.1\C6000\dsk6713\lib\</path>
         <kind>archive</kind>
         <file>dsk6713bsl.lib</file>
         <name>dsk6713.obj</name>
      </input_file>
      <input_file id="fl-9e">
         <path>C:\ti\CCCStudio_v3.1\C6000\dsk6713\lib\</path>
         <kind>archive</kind>
         <file>dsk6713bsl.lib</file>
         <name>dsk6713_aic23_opencodec.obj</name>
      </input_file>
      <input_file id="fl-9f">
         <path>C:\ti\CCCStudio_v3.1\C6000\dsk6713\lib\</path>
         <kind>archive</kind>
         <file>dsk6713bsl.lib</file>
         <name>dsk6713_aic23_registers.obj</name>
      </input_file>
      <input_file id="fl-a0">
         <path>C:\ti\CCCStudio_v3.1\C6000\dsk6713\lib\</path>
         <kind>archive</kind>
         <file>dsk6713bsl.lib</file>
         <name>dsk6713_aic23_setfreq.obj</name>
      </input_file>
      <input_file id="fl-a1">
         <path>C:\ti\ccsv6\tools\compiler\c6000_7.4.18\lib\</path>
         <kind>archive</kind>
         <file>rts6700.lib</file>
         <name>strasg.obj</name>
      </input_file>
   </input_file_list>
   <object_component_list>
      <object_component id="oc-16">
         <name>.vecs</name>
         <load_address>0x0</load_address>
         <run_address>0x0</run_address>
         <size>0x200</size>
         <input_file_ref idref="fl-3"/>
      </object_component>
      <object_component id="oc-be">
         <name>.text:_pow</name>
         <load_address>0x63e0</load_address>
         <run_address>0x63e0</run_address>
         <size>0x900</size>
         <input_file_ref idref="fl-8d"/>
      </object_component>
      <object_component id="oc-a5">
         <name>.text</name>
         <load_address>0x6ce0</load_address>
         <run_address>0x6ce0</run_address>
         <size>0x7a0</size>
         <input_file_ref idref="fl-5"/>
      </object_component>
      <object_component id="oc-c0">
         <name>.text:__divd</name>
         <load_address>0x7480</load_address>
         <run_address>0x7480</run_address>
         <size>0x720</size>
         <input_file_ref idref="fl-86"/>
      </object_component>
      <object_component id="oc-b0">
         <name>.text</name>
         <load_address>0x7ba0</load_address>
         <run_address>0x7ba0</run_address>
         <size>0x5a0</size>
         <input_file_ref idref="fl-4"/>
      </object_component>
      <object_component id="oc-86">
         <name>.text</name>
         <load_address>0x8140</load_address>
         <run_address>0x8140</run_address>
         <size>0x480</size>
         <input_file_ref idref="fl-9d"/>
      </object_component>
      <object_component id="oc-c1">
         <name>.text:_tan</name>
         <load_address>0x85c0</load_address>
         <run_address>0x85c0</run_address>
         <size>0x3a0</size>
         <input_file_ref idref="fl-91"/>
      </object_component>
      <object_component id="oc-c2">
         <name>.text:_cos</name>
         <load_address>0x8960</load_address>
         <run_address>0x8960</run_address>
         <size>0x340</size>
         <input_file_ref idref="fl-85"/>
      </object_component>
      <object_component id="oc-8c">
         <name>.text</name>
         <load_address>0x8ca0</load_address>
         <run_address>0x8ca0</run_address>
         <size>0x320</size>
         <input_file_ref idref="fl-9e"/>
      </object_component>
      <object_component id="oc-a4">
         <name>.text</name>
         <load_address>0x8fc0</load_address>
         <run_address>0x8fc0</run_address>
         <size>0x2e0</size>
         <input_file_ref idref="fl-2"/>
      </object_component>
      <object_component id="oc-ab">
         <name>.text:_memcpy</name>
         <load_address>0x92a0</load_address>
         <run_address>0x92a0</run_address>
         <size>0x240</size>
         <input_file_ref idref="fl-9a"/>
      </object_component>
      <object_component id="oc-28">
         <name>.text:retain</name>
         <load_address>0x94e0</load_address>
         <run_address>0x94e0</run_address>
         <size>0x220</size>
         <input_file_ref idref="fl-6"/>
      </object_component>
      <object_component id="oc-b4">
         <name>.text:_IRQ_map</name>
         <load_address>0x9700</load_address>
         <run_address>0x9700</run_address>
         <size>0x1c0</size>
         <input_file_ref idref="fl-9b"/>
      </object_component>
      <object_component id="oc-bd">
         <name>.text:_MCBSP_reset</name>
         <load_address>0x98c0</load_address>
         <run_address>0x98c0</run_address>
         <size>0x1a0</size>
         <input_file_ref idref="fl-9c"/>
      </object_component>
      <object_component id="oc-c5">
         <name>.text:_ldexp</name>
         <load_address>0x9a60</load_address>
         <run_address>0x9a60</run_address>
         <size>0x1a0</size>
         <input_file_ref idref="fl-99"/>
      </object_component>
      <object_component id="oc-92">
         <name>.text</name>
         <load_address>0x9c00</load_address>
         <run_address>0x9c00</run_address>
         <size>0x160</size>
         <input_file_ref idref="fl-9f"/>
      </object_component>
      <object_component id="oc-ca">
         <name>.text:__frcmpyd_div</name>
         <load_address>0x9d60</load_address>
         <run_address>0x9d60</run_address>
         <size>0x140</size>
         <input_file_ref idref="fl-89"/>
      </object_component>
      <object_component id="oc-bf">
         <name>.text:_sqrt</name>
         <load_address>0x9ea0</load_address>
         <run_address>0x9ea0</run_address>
         <size>0x140</size>
         <input_file_ref idref="fl-90"/>
      </object_component>
      <object_component id="oc-af">
         <name>.text:__divi</name>
         <load_address>0x9fe0</load_address>
         <run_address>0x9fe0</run_address>
         <size>0x120</size>
         <input_file_ref idref="fl-87"/>
      </object_component>
      <object_component id="oc-c4">
         <name>.text:_frexp</name>
         <load_address>0xa100</load_address>
         <run_address>0xa100</run_address>
         <size>0x120</size>
         <input_file_ref idref="fl-98"/>
      </object_component>
      <object_component id="oc-a8">
         <name>.text:_MCBSP_open</name>
         <load_address>0xa220</load_address>
         <run_address>0xa220</run_address>
         <size>0x100</size>
         <input_file_ref idref="fl-9c"/>
      </object_component>
      <object_component id="oc-a9">
         <name>.text:_MCBSP_start</name>
         <load_address>0xa320</load_address>
         <run_address>0xa320</run_address>
         <size>0x100</size>
         <input_file_ref idref="fl-9c"/>
      </object_component>
      <object_component id="oc-a1">
         <name>.text:__auto_init</name>
         <load_address>0xa420</load_address>
         <run_address>0xa420</run_address>
         <size>0x100</size>
         <input_file_ref idref="fl-94"/>
      </object_component>
      <object_component id="oc-a6">
         <name>.text:__remi</name>
         <load_address>0xa520</load_address>
         <run_address>0xa520</run_address>
         <size>0x100</size>
         <input_file_ref idref="fl-8e"/>
      </object_component>
      <object_component id="oc-c6">
         <name>.text:__nround</name>
         <load_address>0xa620</load_address>
         <run_address>0xa620</run_address>
         <size>0xe0</size>
         <input_file_ref idref="fl-8f"/>
      </object_component>
      <object_component id="oc-a7">
         <name>.text:__strasg</name>
         <load_address>0xa700</load_address>
         <run_address>0xa700</run_address>
         <size>0xe0</size>
         <input_file_ref idref="fl-a1"/>
      </object_component>
      <object_component id="oc-a3">
         <name>.text:_exit</name>
         <load_address>0xa7e0</load_address>
         <run_address>0xa7e0</run_address>
         <size>0xe0</size>
         <input_file_ref idref="fl-88"/>
      </object_component>
      <object_component id="oc-c8">
         <name>.text:_modf</name>
         <load_address>0xa8c0</load_address>
         <run_address>0xa8c0</run_address>
         <size>0xe0</size>
         <input_file_ref idref="fl-8b"/>
      </object_component>
      <object_component id="oc-aa">
         <name>.text:_copy_in</name>
         <load_address>0xa9a0</load_address>
         <run_address>0xa9a0</run_address>
         <size>0xc0</size>
         <input_file_ref idref="fl-96"/>
      </object_component>
      <object_component id="oc-98">
         <name>.text</name>
         <load_address>0xaa60</load_address>
         <run_address>0xaa60</run_address>
         <size>0xc0</size>
         <input_file_ref idref="fl-a0"/>
      </object_component>
      <object_component id="oc-b1">
         <name>.text:_MCBSP_config</name>
         <load_address>0xab20</load_address>
         <run_address>0xab20</run_address>
         <size>0xa0</size>
         <input_file_ref idref="fl-9c"/>
      </object_component>
      <object_component id="oc-cb">
         <name>.text:__mpyll</name>
         <load_address>0xabc0</load_address>
         <run_address>0xabc0</run_address>
         <size>0xa0</size>
         <input_file_ref idref="fl-8c"/>
      </object_component>
      <object_component id="oc-c3">
         <name>.text:_setMux</name>
         <load_address>0xac60</load_address>
         <run_address>0xac60</run_address>
         <size>0xa0</size>
         <input_file_ref idref="fl-9b"/>
      </object_component>
      <object_component id="oc-ac">
         <name>.text:___TI_cpp_init</name>
         <load_address>0xad00</load_address>
         <run_address>0xad00</run_address>
         <size>0x80</size>
         <input_file_ref idref="fl-95"/>
      </object_component>
      <object_component id="oc-f">
         <name>.text:_c_int00</name>
         <load_address>0xad80</load_address>
         <run_address>0xad80</run_address>
         <size>0x80</size>
         <input_file_ref idref="fl-84"/>
      </object_component>
      <object_component id="oc-c9">
         <name>.text:__llshru</name>
         <load_address>0xae00</load_address>
         <run_address>0xae00</run_address>
         <size>0x60</size>
         <input_file_ref idref="fl-8a"/>
      </object_component>
      <object_component id="oc-b8">
         <name>.text:_IRQ_enable</name>
         <load_address>0xae60</load_address>
         <run_address>0xae60</run_address>
         <size>0x40</size>
         <input_file_ref idref="fl-9b"/>
      </object_component>
      <object_component id="oc-b5">
         <name>.text:_IRQ_reset</name>
         <load_address>0xaea0</load_address>
         <run_address>0xaea0</run_address>
         <size>0x40</size>
         <input_file_ref idref="fl-9b"/>
      </object_component>
      <object_component id="oc-a2">
         <name>.text:__args_main</name>
         <load_address>0xaee0</load_address>
         <run_address>0xaee0</run_address>
         <size>0x40</size>
         <input_file_ref idref="fl-93"/>
      </object_component>
      <object_component id="oc-c7">
         <name>.text:__trunc</name>
         <load_address>0xaf20</load_address>
         <run_address>0xaf20</run_address>
         <size>0x40</size>
         <input_file_ref idref="fl-92"/>
      </object_component>
      <object_component id="oc-15">
         <name>.text</name>
         <load_address>0xaf60</load_address>
         <run_address>0xaf60</run_address>
         <size>0x20</size>
         <input_file_ref idref="fl-3"/>
      </object_component>
      <object_component id="oc-b2">
         <name>.text:_IRQ_globalDisable</name>
         <load_address>0xaf80</load_address>
         <run_address>0xaf80</run_address>
         <size>0x20</size>
         <input_file_ref idref="fl-9b"/>
      </object_component>
      <object_component id="oc-b6">
         <name>.text:_IRQ_globalEnable</name>
         <load_address>0xafa0</load_address>
         <run_address>0xafa0</run_address>
         <size>0x20</size>
         <input_file_ref idref="fl-9b"/>
      </object_component>
      <object_component id="oc-b7">
         <name>.text:_IRQ_nmiEnable</name>
         <load_address>0xafc0</load_address>
         <run_address>0xafc0</run_address>
         <size>0x20</size>
         <input_file_ref idref="fl-9b"/>
      </object_component>
      <object_component id="oc-b3">
         <name>.text:_MCBSP_getXmtEventId</name>
         <load_address>0xafe0</load_address>
         <run_address>0xafe0</run_address>
         <size>0x20</size>
         <input_file_ref idref="fl-9c"/>
      </object_component>
      <object_component id="oc-bc">
         <name>.text:_MCBSP_read</name>
         <load_address>0xb000</load_address>
         <run_address>0xb000</run_address>
         <size>0x20</size>
         <input_file_ref idref="fl-9c"/>
      </object_component>
      <object_component id="oc-bb">
         <name>.text:_MCBSP_rrdy</name>
         <load_address>0xb020</load_address>
         <run_address>0xb020</run_address>
         <size>0x20</size>
         <input_file_ref idref="fl-9c"/>
      </object_component>
      <object_component id="oc-ba">
         <name>.text:_MCBSP_write</name>
         <load_address>0xb040</load_address>
         <run_address>0xb040</run_address>
         <size>0x20</size>
         <input_file_ref idref="fl-9c"/>
      </object_component>
      <object_component id="oc-b9">
         <name>.text:_MCBSP_xrdy</name>
         <load_address>0xb060</load_address>
         <run_address>0xb060</run_address>
         <size>0x20</size>
         <input_file_ref idref="fl-9c"/>
      </object_component>
      <object_component id="oc-ae">
         <name>.text:_abort</name>
         <load_address>0xb080</load_address>
         <run_address>0xb080</run_address>
         <size>0x20</size>
         <input_file_ref idref="fl-88"/>
      </object_component>
      <object_component id="oc-7b">
         <name>.text</name>
         <load_address>0xb0a0</load_address>
         <run_address>0xb0a0</run_address>
         <size>0x20</size>
         <input_file_ref idref="fl-9b"/>
      </object_component>
      <object_component id="oc-ad">
         <name>.text</name>
         <load_address>0xb0c0</load_address>
         <run_address>0xb0c0</run_address>
         <size>0x20</size>
         <input_file_ref idref="fl-6"/>
      </object_component>
      <object_component id="oc-4d">
         <name>.cinit</name>
         <load_address>0xb0e0</load_address>
         <run_address>0xb0e0</run_address>
         <size>0x140</size>
         <input_file_ref idref="fl-8d"/>
      </object_component>
      <object_component id="oc-7c">
         <name>.cinit</name>
         <load_address>0xb220</load_address>
         <run_address>0xb220</run_address>
         <size>0x12c</size>
         <input_file_ref idref="fl-9b"/>
      </object_component>
      <object_component id="oc-20">
         <name>.cinit</name>
         <load_address>0xb350</load_address>
         <run_address>0xb350</run_address>
         <size>0x58</size>
         <input_file_ref idref="fl-5"/>
      </object_component>
      <object_component id="oc-81">
         <name>.cinit</name>
         <load_address>0xb3a8</load_address>
         <run_address>0xb3a8</run_address>
         <size>0x54</size>
         <input_file_ref idref="fl-9c"/>
      </object_component>
      <object_component id="oc-31">
         <name>.cinit</name>
         <load_address>0xb400</load_address>
         <run_address>0xb400</run_address>
         <size>0x48</size>
         <input_file_ref idref="fl-85"/>
      </object_component>
      <object_component id="oc-5b">
         <name>.cinit</name>
         <load_address>0xb448</load_address>
         <run_address>0xb448</run_address>
         <size>0x48</size>
         <input_file_ref idref="fl-91"/>
      </object_component>
      <object_component id="oc-93">
         <name>.cinit</name>
         <load_address>0xb490</load_address>
         <run_address>0xb490</run_address>
         <size>0x30</size>
         <input_file_ref idref="fl-9f"/>
      </object_component>
      <object_component id="oc-3c">
         <name>.cinit</name>
         <load_address>0xb4c0</load_address>
         <run_address>0xb4c0</run_address>
         <size>0x2c</size>
         <input_file_ref idref="fl-88"/>
      </object_component>
      <object_component id="oc-99">
         <name>.cinit</name>
         <load_address>0xb4f0</load_address>
         <run_address>0xb4f0</run_address>
         <size>0x28</size>
         <input_file_ref idref="fl-a0"/>
      </object_component>
      <object_component id="oc-26">
         <name>.cinit</name>
         <load_address>0xb518</load_address>
         <run_address>0xb518</run_address>
         <size>0x1a</size>
         <input_file_ref idref="fl-6"/>
      </object_component>
      <object_component id="oc-6f">
         <name>.cinit</name>
         <load_address>0xb538</load_address>
         <run_address>0xb538</run_address>
         <size>0xc</size>
         <input_file_ref idref="fl-97"/>
      </object_component>
      <object_component id="oc-2d">
         <name>.stack</name>
         <uninitialized>true</uninitialized>
         <run_address>0xb550</run_address>
         <size>0x8</size>
         <input_file_ref idref="fl-84"/>
      </object_component>
      <object_component id="oc-e2">
         <name>.stack</name>
         <uninitialized>true</uninitialized>
         <run_address>0xb550</run_address>
         <size>0x0</size>
      </object_component>
      <object_component id="oc-8e">
         <name>.const</name>
         <load_address>0xb650</load_address>
         <run_address>0xb650</run_address>
         <size>0x40</size>
         <input_file_ref idref="fl-9e"/>
      </object_component>
      <object_component id="oc-88">
         <name>.const</name>
         <load_address>0xb690</load_address>
         <run_address>0xb690</run_address>
         <size>0x20</size>
         <input_file_ref idref="fl-9d"/>
      </object_component>
      <object_component id="oc-11">
         <name>.far</name>
         <uninitialized>true</uninitialized>
         <run_address>0x6208</run_address>
         <size>0x68</size>
         <input_file_ref idref="fl-2"/>
      </object_component>
      <object_component id="oc-1b">
         <name>.far</name>
         <uninitialized>true</uninitialized>
         <run_address>0x4d30</run_address>
         <size>0x12c0</size>
         <input_file_ref idref="fl-4"/>
      </object_component>
      <object_component id="oc-21">
         <name>.far</name>
         <uninitialized>true</uninitialized>
         <run_address>0x6270</run_address>
         <size>0x58</size>
         <input_file_ref idref="fl-5"/>
      </object_component>
      <object_component id="oc-27">
         <name>.far</name>
         <uninitialized>true</uninitialized>
         <run_address>0x220</run_address>
         <size>0x4b0e</size>
         <input_file_ref idref="fl-6"/>
      </object_component>
      <object_component id="oc-32">
         <name>.far</name>
         <uninitialized>true</uninitialized>
         <run_address>0x62c8</run_address>
         <size>0x40</size>
         <input_file_ref idref="fl-85"/>
      </object_component>
      <object_component id="oc-3d">
         <name>.far</name>
         <uninitialized>true</uninitialized>
         <run_address>0x63c0</run_address>
         <size>0xc</size>
         <input_file_ref idref="fl-88"/>
      </object_component>
      <object_component id="oc-4e">
         <name>.far</name>
         <uninitialized>true</uninitialized>
         <run_address>0x5ff0</run_address>
         <size>0x120</size>
         <input_file_ref idref="fl-8d"/>
      </object_component>
      <object_component id="oc-5c">
         <name>.far</name>
         <uninitialized>true</uninitialized>
         <run_address>0x6340</run_address>
         <size>0x38</size>
         <input_file_ref idref="fl-91"/>
      </object_component>
      <object_component id="oc-70">
         <name>.far</name>
         <uninitialized>true</uninitialized>
         <run_address>0x6204</run_address>
         <size>0x4</size>
         <input_file_ref idref="fl-97"/>
      </object_component>
      <object_component id="oc-7d">
         <name>.far</name>
         <uninitialized>true</uninitialized>
         <run_address>0x6110</run_address>
         <size>0xf4</size>
         <input_file_ref idref="fl-9b"/>
      </object_component>
      <object_component id="oc-82">
         <name>.far</name>
         <uninitialized>true</uninitialized>
         <run_address>0x6308</run_address>
         <size>0x38</size>
         <input_file_ref idref="fl-9c"/>
      </object_component>
      <object_component id="oc-87">
         <name>.far</name>
         <uninitialized>true</uninitialized>
         <run_address>0x4d2e</run_address>
         <size>0x2</size>
         <input_file_ref idref="fl-9d"/>
      </object_component>
      <object_component id="oc-8d">
         <name>.far</name>
         <uninitialized>true</uninitialized>
         <run_address>0x63cc</run_address>
         <size>0x8</size>
         <input_file_ref idref="fl-9e"/>
      </object_component>
      <object_component id="oc-94">
         <name>.far</name>
         <uninitialized>true</uninitialized>
         <run_address>0x6378</run_address>
         <size>0x28</size>
         <input_file_ref idref="fl-9f"/>
      </object_component>
      <object_component id="oc-9a">
         <name>.far</name>
         <uninitialized>true</uninitialized>
         <run_address>0x63a0</run_address>
         <size>0x20</size>
         <input_file_ref idref="fl-a0"/>
      </object_component>
      <object_component id="oc-10">
         <name>.debug_info</name>
         <load_address>0x0</load_address>
         <run_address>0x0</run_address>
         <size>0xa88</size>
         <input_file_ref idref="fl-2"/>
      </object_component>
      <object_component id="oc-17">
         <name>.debug_info</name>
         <load_address>0xa88</load_address>
         <run_address>0xa88</run_address>
         <size>0xe4</size>
         <input_file_ref idref="fl-3"/>
      </object_component>
      <object_component id="oc-1a">
         <name>.debug_info</name>
         <load_address>0xb6c</load_address>
         <run_address>0xb6c</run_address>
         <size>0x9eb</size>
         <input_file_ref idref="fl-4"/>
      </object_component>
      <object_component id="oc-1f">
         <name>.debug_info</name>
         <load_address>0x1557</load_address>
         <run_address>0x1557</run_address>
         <size>0x149f</size>
         <input_file_ref idref="fl-5"/>
      </object_component>
      <object_component id="oc-25">
         <name>.debug_info</name>
         <load_address>0x29f6</load_address>
         <run_address>0x29f6</run_address>
         <size>0x8b7</size>
         <input_file_ref idref="fl-6"/>
      </object_component>
      <object_component id="oc-2c">
         <name>.debug_info</name>
         <load_address>0x32ad</load_address>
         <run_address>0x32ad</run_address>
         <size>0x70b</size>
         <input_file_ref idref="fl-84"/>
      </object_component>
      <object_component id="oc-30">
         <name>.debug_info</name>
         <load_address>0x39b8</load_address>
         <run_address>0x39b8</run_address>
         <size>0x713</size>
         <input_file_ref idref="fl-85"/>
      </object_component>
      <object_component id="oc-35">
         <name>.debug_info</name>
         <load_address>0x40cb</load_address>
         <run_address>0x40cb</run_address>
         <size>0x982</size>
         <input_file_ref idref="fl-86"/>
      </object_component>
      <object_component id="oc-38">
         <name>.debug_info</name>
         <load_address>0x4a4d</load_address>
         <run_address>0x4a4d</run_address>
         <size>0xd0</size>
         <input_file_ref idref="fl-87"/>
      </object_component>
      <object_component id="oc-3b">
         <name>.debug_info</name>
         <load_address>0x4b1d</load_address>
         <run_address>0x4b1d</run_address>
         <size>0x7fb</size>
         <input_file_ref idref="fl-88"/>
      </object_component>
      <object_component id="oc-40">
         <name>.debug_info</name>
         <load_address>0x5318</load_address>
         <run_address>0x5318</run_address>
         <size>0x6a4</size>
         <input_file_ref idref="fl-89"/>
      </object_component>
      <object_component id="oc-43">
         <name>.debug_info</name>
         <load_address>0x59bc</load_address>
         <run_address>0x59bc</run_address>
         <size>0x691</size>
         <input_file_ref idref="fl-8a"/>
      </object_component>
      <object_component id="oc-46">
         <name>.debug_info</name>
         <load_address>0x604d</load_address>
         <run_address>0x604d</run_address>
         <size>0x680</size>
         <input_file_ref idref="fl-8b"/>
      </object_component>
      <object_component id="oc-49">
         <name>.debug_info</name>
         <load_address>0x66cd</load_address>
         <run_address>0x66cd</run_address>
         <size>0x6b7</size>
         <input_file_ref idref="fl-8c"/>
      </object_component>
      <object_component id="oc-4c">
         <name>.debug_info</name>
         <load_address>0x6d84</load_address>
         <run_address>0x6d84</run_address>
         <size>0x8b1</size>
         <input_file_ref idref="fl-8d"/>
      </object_component>
      <object_component id="oc-51">
         <name>.debug_info</name>
         <load_address>0x7635</load_address>
         <run_address>0x7635</run_address>
         <size>0xd0</size>
         <input_file_ref idref="fl-8e"/>
      </object_component>
      <object_component id="oc-54">
         <name>.debug_info</name>
         <load_address>0x7705</load_address>
         <run_address>0x7705</run_address>
         <size>0x659</size>
         <input_file_ref idref="fl-8f"/>
      </object_component>
      <object_component id="oc-57">
         <name>.debug_info</name>
         <load_address>0x7d5e</load_address>
         <run_address>0x7d5e</run_address>
         <size>0x88b</size>
         <input_file_ref idref="fl-90"/>
      </object_component>
      <object_component id="oc-5a">
         <name>.debug_info</name>
         <load_address>0x85e9</load_address>
         <run_address>0x85e9</run_address>
         <size>0x738</size>
         <input_file_ref idref="fl-91"/>
      </object_component>
      <object_component id="oc-5f">
         <name>.debug_info</name>
         <load_address>0x8d21</load_address>
         <run_address>0x8d21</run_address>
         <size>0x651</size>
         <input_file_ref idref="fl-92"/>
      </object_component>
      <object_component id="oc-62">
         <name>.debug_info</name>
         <load_address>0x9372</load_address>
         <run_address>0x9372</run_address>
         <size>0x6e1</size>
         <input_file_ref idref="fl-93"/>
      </object_component>
      <object_component id="oc-65">
         <name>.debug_info</name>
         <load_address>0x9a53</load_address>
         <run_address>0x9a53</run_address>
         <size>0x86d</size>
         <input_file_ref idref="fl-94"/>
      </object_component>
      <object_component id="oc-68">
         <name>.debug_info</name>
         <load_address>0xa2c0</load_address>
         <run_address>0xa2c0</run_address>
         <size>0x6e5</size>
         <input_file_ref idref="fl-95"/>
      </object_component>
      <object_component id="oc-6b">
         <name>.debug_info</name>
         <load_address>0xa9a5</load_address>
         <run_address>0xa9a5</run_address>
         <size>0x7db</size>
         <input_file_ref idref="fl-96"/>
      </object_component>
      <object_component id="oc-6e">
         <name>.debug_info</name>
         <load_address>0xb180</load_address>
         <run_address>0xb180</run_address>
         <size>0x5e2</size>
         <input_file_ref idref="fl-97"/>
      </object_component>
      <object_component id="oc-72">
         <name>.debug_info</name>
         <load_address>0xb762</load_address>
         <run_address>0xb762</run_address>
         <size>0x69b</size>
         <input_file_ref idref="fl-98"/>
      </object_component>
      <object_component id="oc-75">
         <name>.debug_info</name>
         <load_address>0xbdfd</load_address>
         <run_address>0xbdfd</run_address>
         <size>0x697</size>
         <input_file_ref idref="fl-99"/>
      </object_component>
      <object_component id="oc-78">
         <name>.debug_info</name>
         <load_address>0xc494</load_address>
         <run_address>0xc494</run_address>
         <size>0x78a</size>
         <input_file_ref idref="fl-9a"/>
      </object_component>
      <object_component id="oc-7f">
         <name>.debug_info</name>
         <load_address>0xcc1e</load_address>
         <run_address>0xcc1e</run_address>
         <size>0xcc5</size>
         <input_file_ref idref="fl-9b"/>
      </object_component>
      <object_component id="oc-84">
         <name>.debug_info</name>
         <load_address>0xd8e3</load_address>
         <run_address>0xd8e3</run_address>
         <size>0xec5</size>
         <input_file_ref idref="fl-9c"/>
      </object_component>
      <object_component id="oc-8a">
         <name>.debug_info</name>
         <load_address>0xe7a8</load_address>
         <run_address>0xe7a8</run_address>
         <size>0xa4e</size>
         <input_file_ref idref="fl-9d"/>
      </object_component>
      <object_component id="oc-90">
         <name>.debug_info</name>
         <load_address>0xf1f6</load_address>
         <run_address>0xf1f6</run_address>
         <size>0xa20</size>
         <input_file_ref idref="fl-9e"/>
      </object_component>
      <object_component id="oc-96">
         <name>.debug_info</name>
         <load_address>0xfc16</load_address>
         <run_address>0xfc16</run_address>
         <size>0xaa0</size>
         <input_file_ref idref="fl-9f"/>
      </object_component>
      <object_component id="oc-9c">
         <name>.debug_info</name>
         <load_address>0x106b6</load_address>
         <run_address>0x106b6</run_address>
         <size>0x723</size>
         <input_file_ref idref="fl-a0"/>
      </object_component>
      <object_component id="oc-9e">
         <name>.debug_info</name>
         <load_address>0x10dd9</load_address>
         <run_address>0x10dd9</run_address>
         <size>0xd6</size>
         <input_file_ref idref="fl-a1"/>
      </object_component>
      <object_component id="oc-e3">
         <name>.debug_info</name>
         <load_address>0x10eaf</load_address>
         <run_address>0x10eaf</run_address>
         <size>0x6e</size>
      </object_component>
      <object_component id="oc-12">
         <name>.debug_frame</name>
         <load_address>0x0</load_address>
         <run_address>0x0</run_address>
         <size>0x29b</size>
         <input_file_ref idref="fl-2"/>
      </object_component>
      <object_component id="oc-1c">
         <name>.debug_frame</name>
         <load_address>0x29b</load_address>
         <run_address>0x29b</run_address>
         <size>0x296</size>
         <input_file_ref idref="fl-4"/>
      </object_component>
      <object_component id="oc-22">
         <name>.debug_frame</name>
         <load_address>0x531</load_address>
         <run_address>0x531</run_address>
         <size>0x34f</size>
         <input_file_ref idref="fl-5"/>
      </object_component>
      <object_component id="oc-29">
         <name>.debug_frame</name>
         <load_address>0x880</load_address>
         <run_address>0x880</run_address>
         <size>0x2d7</size>
         <input_file_ref idref="fl-6"/>
      </object_component>
      <object_component id="oc-13">
         <name>.debug_line</name>
         <load_address>0x0</load_address>
         <run_address>0x0</run_address>
         <size>0x99</size>
         <input_file_ref idref="fl-2"/>
      </object_component>
      <object_component id="oc-18">
         <name>.debug_line</name>
         <load_address>0x99</load_address>
         <run_address>0x99</run_address>
         <size>0xcd</size>
         <input_file_ref idref="fl-3"/>
      </object_component>
      <object_component id="oc-1d">
         <name>.debug_line</name>
         <load_address>0x166</load_address>
         <run_address>0x166</run_address>
         <size>0x9e</size>
         <input_file_ref idref="fl-4"/>
      </object_component>
      <object_component id="oc-23">
         <name>.debug_line</name>
         <load_address>0x204</load_address>
         <run_address>0x204</run_address>
         <size>0x158</size>
         <input_file_ref idref="fl-5"/>
      </object_component>
      <object_component id="oc-2a">
         <name>.debug_line</name>
         <load_address>0x35c</load_address>
         <run_address>0x35c</run_address>
         <size>0x5f</size>
         <input_file_ref idref="fl-6"/>
      </object_component>
      <object_component id="oc-2e">
         <name>.debug_line</name>
         <load_address>0x3bb</load_address>
         <run_address>0x3bb</run_address>
         <size>0x3d</size>
         <input_file_ref idref="fl-84"/>
      </object_component>
      <object_component id="oc-33">
         <name>.debug_line</name>
         <load_address>0x3f8</load_address>
         <run_address>0x3f8</run_address>
         <size>0x54</size>
         <input_file_ref idref="fl-85"/>
      </object_component>
      <object_component id="oc-36">
         <name>.debug_line</name>
         <load_address>0x44c</load_address>
         <run_address>0x44c</run_address>
         <size>0x3c</size>
         <input_file_ref idref="fl-86"/>
      </object_component>
      <object_component id="oc-39">
         <name>.debug_line</name>
         <load_address>0x488</load_address>
         <run_address>0x488</run_address>
         <size>0x45</size>
         <input_file_ref idref="fl-87"/>
      </object_component>
      <object_component id="oc-3e">
         <name>.debug_line</name>
         <load_address>0x4cd</load_address>
         <run_address>0x4cd</run_address>
         <size>0x4f</size>
         <input_file_ref idref="fl-88"/>
      </object_component>
      <object_component id="oc-41">
         <name>.debug_line</name>
         <load_address>0x51c</load_address>
         <run_address>0x51c</run_address>
         <size>0x3e</size>
         <input_file_ref idref="fl-89"/>
      </object_component>
      <object_component id="oc-44">
         <name>.debug_line</name>
         <load_address>0x55a</load_address>
         <run_address>0x55a</run_address>
         <size>0x3f</size>
         <input_file_ref idref="fl-8a"/>
      </object_component>
      <object_component id="oc-47">
         <name>.debug_line</name>
         <load_address>0x599</load_address>
         <run_address>0x599</run_address>
         <size>0x37</size>
         <input_file_ref idref="fl-8b"/>
      </object_component>
      <object_component id="oc-4a">
         <name>.debug_line</name>
         <load_address>0x5d0</load_address>
         <run_address>0x5d0</run_address>
         <size>0x3d</size>
         <input_file_ref idref="fl-8c"/>
      </object_component>
      <object_component id="oc-4f">
         <name>.debug_line</name>
         <load_address>0x60d</load_address>
         <run_address>0x60d</run_address>
         <size>0x5c</size>
         <input_file_ref idref="fl-8d"/>
      </object_component>
      <object_component id="oc-52">
         <name>.debug_line</name>
         <load_address>0x669</load_address>
         <run_address>0x669</run_address>
         <size>0x43</size>
         <input_file_ref idref="fl-8e"/>
      </object_component>
      <object_component id="oc-55">
         <name>.debug_line</name>
         <load_address>0x6ac</load_address>
         <run_address>0x6ac</run_address>
         <size>0x38</size>
         <input_file_ref idref="fl-8f"/>
      </object_component>
      <object_component id="oc-58">
         <name>.debug_line</name>
         <load_address>0x6e4</load_address>
         <run_address>0x6e4</run_address>
         <size>0x7f</size>
         <input_file_ref idref="fl-90"/>
      </object_component>
      <object_component id="oc-5d">
         <name>.debug_line</name>
         <load_address>0x763</load_address>
         <run_address>0x763</run_address>
         <size>0x54</size>
         <input_file_ref idref="fl-91"/>
      </object_component>
      <object_component id="oc-60">
         <name>.debug_line</name>
         <load_address>0x7b7</load_address>
         <run_address>0x7b7</run_address>
         <size>0x38</size>
         <input_file_ref idref="fl-92"/>
      </object_component>
      <object_component id="oc-63">
         <name>.debug_line</name>
         <load_address>0x7ef</load_address>
         <run_address>0x7ef</run_address>
         <size>0x41</size>
         <input_file_ref idref="fl-93"/>
      </object_component>
      <object_component id="oc-66">
         <name>.debug_line</name>
         <load_address>0x830</load_address>
         <run_address>0x830</run_address>
         <size>0x47</size>
         <input_file_ref idref="fl-94"/>
      </object_component>
      <object_component id="oc-69">
         <name>.debug_line</name>
         <load_address>0x877</load_address>
         <run_address>0x877</run_address>
         <size>0x45</size>
         <input_file_ref idref="fl-95"/>
      </object_component>
      <object_component id="oc-6c">
         <name>.debug_line</name>
         <load_address>0x8bc</load_address>
         <run_address>0x8bc</run_address>
         <size>0x44</size>
         <input_file_ref idref="fl-96"/>
      </object_component>
      <object_component id="oc-73">
         <name>.debug_line</name>
         <load_address>0x900</load_address>
         <run_address>0x900</run_address>
         <size>0x38</size>
         <input_file_ref idref="fl-98"/>
      </object_component>
      <object_component id="oc-76">
         <name>.debug_line</name>
         <load_address>0x938</load_address>
         <run_address>0x938</run_address>
         <size>0x3a</size>
         <input_file_ref idref="fl-99"/>
      </object_component>
      <object_component id="oc-79">
         <name>.debug_line</name>
         <load_address>0x972</load_address>
         <run_address>0x972</run_address>
         <size>0x4e</size>
         <input_file_ref idref="fl-9a"/>
      </object_component>
      <object_component id="oc-80">
         <name>.debug_line</name>
         <load_address>0x9c0</load_address>
         <run_address>0x9c0</run_address>
         <size>0x109</size>
         <input_file_ref idref="fl-9b"/>
      </object_component>
      <object_component id="oc-85">
         <name>.debug_line</name>
         <load_address>0xac9</load_address>
         <run_address>0xac9</run_address>
         <size>0x141</size>
         <input_file_ref idref="fl-9c"/>
      </object_component>
      <object_component id="oc-8b">
         <name>.debug_line</name>
         <load_address>0xc0a</load_address>
         <run_address>0xc0a</run_address>
         <size>0xb2</size>
         <input_file_ref idref="fl-9d"/>
      </object_component>
      <object_component id="oc-91">
         <name>.debug_line</name>
         <load_address>0xcbc</load_address>
         <run_address>0xcbc</run_address>
         <size>0x4f</size>
         <input_file_ref idref="fl-9e"/>
      </object_component>
      <object_component id="oc-97">
         <name>.debug_line</name>
         <load_address>0xd0b</load_address>
         <run_address>0xd0b</run_address>
         <size>0x7e</size>
         <input_file_ref idref="fl-9f"/>
      </object_component>
      <object_component id="oc-9d">
         <name>.debug_line</name>
         <load_address>0xd89</load_address>
         <run_address>0xd89</run_address>
         <size>0x50</size>
         <input_file_ref idref="fl-a0"/>
      </object_component>
      <object_component id="oc-9f">
         <name>.debug_line</name>
         <load_address>0xdd9</load_address>
         <run_address>0xdd9</run_address>
         <size>0x48</size>
         <input_file_ref idref="fl-a1"/>
      </object_component>
      <object_component id="oc-14">
         <name>.debug_abbrev</name>
         <load_address>0x0</load_address>
         <run_address>0x0</run_address>
         <size>0x113</size>
         <input_file_ref idref="fl-2"/>
      </object_component>
      <object_component id="oc-19">
         <name>.debug_abbrev</name>
         <load_address>0x113</load_address>
         <run_address>0x113</run_address>
         <size>0x21</size>
         <input_file_ref idref="fl-3"/>
      </object_component>
      <object_component id="oc-1e">
         <name>.debug_abbrev</name>
         <load_address>0x134</load_address>
         <run_address>0x134</run_address>
         <size>0x12d</size>
         <input_file_ref idref="fl-4"/>
      </object_component>
      <object_component id="oc-24">
         <name>.debug_abbrev</name>
         <load_address>0x261</load_address>
         <run_address>0x261</run_address>
         <size>0x18e</size>
         <input_file_ref idref="fl-5"/>
      </object_component>
      <object_component id="oc-2b">
         <name>.debug_abbrev</name>
         <load_address>0x3ef</load_address>
         <run_address>0x3ef</run_address>
         <size>0x12e</size>
         <input_file_ref idref="fl-6"/>
      </object_component>
      <object_component id="oc-2f">
         <name>.debug_abbrev</name>
         <load_address>0x51d</load_address>
         <run_address>0x51d</run_address>
         <size>0xfe</size>
         <input_file_ref idref="fl-84"/>
      </object_component>
      <object_component id="oc-34">
         <name>.debug_abbrev</name>
         <load_address>0x61b</load_address>
         <run_address>0x61b</run_address>
         <size>0xcc</size>
         <input_file_ref idref="fl-85"/>
      </object_component>
      <object_component id="oc-37">
         <name>.debug_abbrev</name>
         <load_address>0x6e7</load_address>
         <run_address>0x6e7</run_address>
         <size>0xf5</size>
         <input_file_ref idref="fl-86"/>
      </object_component>
      <object_component id="oc-3a">
         <name>.debug_abbrev</name>
         <load_address>0x7dc</load_address>
         <run_address>0x7dc</run_address>
         <size>0x3b</size>
         <input_file_ref idref="fl-87"/>
      </object_component>
      <object_component id="oc-3f">
         <name>.debug_abbrev</name>
         <load_address>0x817</load_address>
         <run_address>0x817</run_address>
         <size>0x119</size>
         <input_file_ref idref="fl-88"/>
      </object_component>
      <object_component id="oc-42">
         <name>.debug_abbrev</name>
         <load_address>0x930</load_address>
         <run_address>0x930</run_address>
         <size>0x9a</size>
         <input_file_ref idref="fl-89"/>
      </object_component>
      <object_component id="oc-45">
         <name>.debug_abbrev</name>
         <load_address>0x9ca</load_address>
         <run_address>0x9ca</run_address>
         <size>0xa3</size>
         <input_file_ref idref="fl-8a"/>
      </object_component>
      <object_component id="oc-48">
         <name>.debug_abbrev</name>
         <load_address>0xa6d</load_address>
         <run_address>0xa6d</run_address>
         <size>0xa1</size>
         <input_file_ref idref="fl-8b"/>
      </object_component>
      <object_component id="oc-4b">
         <name>.debug_abbrev</name>
         <load_address>0xb0e</load_address>
         <run_address>0xb0e</run_address>
         <size>0xa3</size>
         <input_file_ref idref="fl-8c"/>
      </object_component>
      <object_component id="oc-50">
         <name>.debug_abbrev</name>
         <load_address>0xbb1</load_address>
         <run_address>0xbb1</run_address>
         <size>0xdc</size>
         <input_file_ref idref="fl-8d"/>
      </object_component>
      <object_component id="oc-53">
         <name>.debug_abbrev</name>
         <load_address>0xc8d</load_address>
         <run_address>0xc8d</run_address>
         <size>0x3b</size>
         <input_file_ref idref="fl-8e"/>
      </object_component>
      <object_component id="oc-56">
         <name>.debug_abbrev</name>
         <load_address>0xcc8</load_address>
         <run_address>0xcc8</run_address>
         <size>0xaf</size>
         <input_file_ref idref="fl-8f"/>
      </object_component>
      <object_component id="oc-59">
         <name>.debug_abbrev</name>
         <load_address>0xd77</load_address>
         <run_address>0xd77</run_address>
         <size>0x102</size>
         <input_file_ref idref="fl-90"/>
      </object_component>
      <object_component id="oc-5e">
         <name>.debug_abbrev</name>
         <load_address>0xe79</load_address>
         <run_address>0xe79</run_address>
         <size>0xcc</size>
         <input_file_ref idref="fl-91"/>
      </object_component>
      <object_component id="oc-61">
         <name>.debug_abbrev</name>
         <load_address>0xf45</load_address>
         <run_address>0xf45</run_address>
         <size>0xaf</size>
         <input_file_ref idref="fl-92"/>
      </object_component>
      <object_component id="oc-64">
         <name>.debug_abbrev</name>
         <load_address>0xff4</load_address>
         <run_address>0xff4</run_address>
         <size>0xe1</size>
         <input_file_ref idref="fl-93"/>
      </object_component>
      <object_component id="oc-67">
         <name>.debug_abbrev</name>
         <load_address>0x10d5</load_address>
         <run_address>0x10d5</run_address>
         <size>0x13f</size>
         <input_file_ref idref="fl-94"/>
      </object_component>
      <object_component id="oc-6a">
         <name>.debug_abbrev</name>
         <load_address>0x1214</load_address>
         <run_address>0x1214</run_address>
         <size>0xdd</size>
         <input_file_ref idref="fl-95"/>
      </object_component>
      <object_component id="oc-6d">
         <name>.debug_abbrev</name>
         <load_address>0x12f1</load_address>
         <run_address>0x12f1</run_address>
         <size>0x10c</size>
         <input_file_ref idref="fl-96"/>
      </object_component>
      <object_component id="oc-71">
         <name>.debug_abbrev</name>
         <load_address>0x13fd</load_address>
         <run_address>0x13fd</run_address>
         <size>0x44</size>
         <input_file_ref idref="fl-97"/>
      </object_component>
      <object_component id="oc-74">
         <name>.debug_abbrev</name>
         <load_address>0x1441</load_address>
         <run_address>0x1441</run_address>
         <size>0xb1</size>
         <input_file_ref idref="fl-98"/>
      </object_component>
      <object_component id="oc-77">
         <name>.debug_abbrev</name>
         <load_address>0x14f2</load_address>
         <run_address>0x14f2</run_address>
         <size>0xa8</size>
         <input_file_ref idref="fl-99"/>
      </object_component>
      <object_component id="oc-7a">
         <name>.debug_abbrev</name>
         <load_address>0x159a</load_address>
         <run_address>0x159a</run_address>
         <size>0xd5</size>
         <input_file_ref idref="fl-9a"/>
      </object_component>
      <object_component id="oc-7e">
         <name>.debug_abbrev</name>
         <load_address>0x166f</load_address>
         <run_address>0x166f</run_address>
         <size>0x1b7</size>
         <input_file_ref idref="fl-9b"/>
      </object_component>
      <object_component id="oc-83">
         <name>.debug_abbrev</name>
         <load_address>0x1826</load_address>
         <run_address>0x1826</run_address>
         <size>0x1a3</size>
         <input_file_ref idref="fl-9c"/>
      </object_component>
      <object_component id="oc-89">
         <name>.debug_abbrev</name>
         <load_address>0x19c9</load_address>
         <run_address>0x19c9</run_address>
         <size>0x19a</size>
         <input_file_ref idref="fl-9d"/>
      </object_component>
      <object_component id="oc-8f">
         <name>.debug_abbrev</name>
         <load_address>0x1b63</load_address>
         <run_address>0x1b63</run_address>
         <size>0x12a</size>
         <input_file_ref idref="fl-9e"/>
      </object_component>
      <object_component id="oc-95">
         <name>.debug_abbrev</name>
         <load_address>0x1c8d</load_address>
         <run_address>0x1c8d</run_address>
         <size>0x152</size>
         <input_file_ref idref="fl-9f"/>
      </object_component>
      <object_component id="oc-9b">
         <name>.debug_abbrev</name>
         <load_address>0x1ddf</load_address>
         <run_address>0x1ddf</run_address>
         <size>0xf5</size>
         <input_file_ref idref="fl-a0"/>
      </object_component>
      <object_component id="oc-a0">
         <name>.debug_abbrev</name>
         <load_address>0x1ed4</load_address>
         <run_address>0x1ed4</run_address>
         <size>0x3b</size>
         <input_file_ref idref="fl-a1"/>
      </object_component>
      <object_component id="oc-e4">
         <name>.debug_abbrev</name>
         <load_address>0x1f0f</load_address>
         <run_address>0x1f0f</run_address>
         <size>0xd</size>
      </object_component>
   </object_component_list>
   <logical_group_list>
      <logical_group id="lg-2">
         <name>.EXT_RAM</name>
         <run_address>0x0</run_address>
         <size>0x0</size>
         <contents>
         </contents>
      </logical_group>
      <logical_group id="lg-3">
         <name>.vecs</name>
         <load_address>0x0</load_address>
         <run_address>0x0</run_address>
         <size>0x200</size>
         <contents>
            <object_component_ref idref="oc-16"/>
         </contents>
      </logical_group>
      <logical_group id="lg-4">
         <name>.text</name>
         <load_address>0x63e0</load_address>
         <run_address>0x63e0</run_address>
         <size>0x4d00</size>
         <contents>
            <object_component_ref idref="oc-be"/>
            <object_component_ref idref="oc-a5"/>
            <object_component_ref idref="oc-c0"/>
            <object_component_ref idref="oc-b0"/>
            <object_component_ref idref="oc-86"/>
            <object_component_ref idref="oc-c1"/>
            <object_component_ref idref="oc-c2"/>
            <object_component_ref idref="oc-8c"/>
            <object_component_ref idref="oc-a4"/>
            <object_component_ref idref="oc-ab"/>
            <object_component_ref idref="oc-28"/>
            <object_component_ref idref="oc-b4"/>
            <object_component_ref idref="oc-bd"/>
            <object_component_ref idref="oc-c5"/>
            <object_component_ref idref="oc-92"/>
            <object_component_ref idref="oc-ca"/>
            <object_component_ref idref="oc-bf"/>
            <object_component_ref idref="oc-af"/>
            <object_component_ref idref="oc-c4"/>
            <object_component_ref idref="oc-a8"/>
            <object_component_ref idref="oc-a9"/>
            <object_component_ref idref="oc-a1"/>
            <object_component_ref idref="oc-a6"/>
            <object_component_ref idref="oc-c6"/>
            <object_component_ref idref="oc-a7"/>
            <object_component_ref idref="oc-a3"/>
            <object_component_ref idref="oc-c8"/>
            <object_component_ref idref="oc-aa"/>
            <object_component_ref idref="oc-98"/>
            <object_component_ref idref="oc-b1"/>
            <object_component_ref idref="oc-cb"/>
            <object_component_ref idref="oc-c3"/>
            <object_component_ref idref="oc-ac"/>
            <object_component_ref idref="oc-f"/>
            <object_component_ref idref="oc-c9"/>
            <object_component_ref idref="oc-b8"/>
            <object_component_ref idref="oc-b5"/>
            <object_component_ref idref="oc-a2"/>
            <object_component_ref idref="oc-c7"/>
            <object_component_ref idref="oc-15"/>
            <object_component_ref idref="oc-b2"/>
            <object_component_ref idref="oc-b6"/>
            <object_component_ref idref="oc-b7"/>
            <object_component_ref idref="oc-b3"/>
            <object_component_ref idref="oc-bc"/>
            <object_component_ref idref="oc-bb"/>
            <object_component_ref idref="oc-ba"/>
            <object_component_ref idref="oc-b9"/>
            <object_component_ref idref="oc-ae"/>
            <object_component_ref idref="oc-7b"/>
            <object_component_ref idref="oc-ad"/>
         </contents>
      </logical_group>
      <logical_group id="lg-5">
         <name>.bss</name>
         <run_address>0x220</run_address>
         <size>0x0</size>
         <contents>
         </contents>
      </logical_group>
      <logical_group id="lg-6">
         <name>.cinit</name>
         <load_address>0xb0e0</load_address>
         <run_address>0xb0e0</run_address>
         <size>0x46c</size>
         <contents>
            <object_component_ref idref="oc-4d"/>
            <object_component_ref idref="oc-7c"/>
            <object_component_ref idref="oc-20"/>
            <object_component_ref idref="oc-81"/>
            <object_component_ref idref="oc-31"/>
            <object_component_ref idref="oc-5b"/>
            <object_component_ref idref="oc-93"/>
            <object_component_ref idref="oc-3c"/>
            <object_component_ref idref="oc-99"/>
            <object_component_ref idref="oc-26"/>
            <object_component_ref idref="oc-6f"/>
         </contents>
      </logical_group>
      <logical_group id="lg-7">
         <name>.stack</name>
         <run_address>0xb550</run_address>
         <size>0x100</size>
         <contents>
            <object_component_ref idref="oc-2d"/>
            <object_component_ref idref="oc-e2"/>
         </contents>
      </logical_group>
      <logical_group id="lg-8">
         <name>.sysmem</name>
         <run_address>0x0</run_address>
         <size>0x0</size>
         <contents>
         </contents>
      </logical_group>
      <logical_group id="lg-9">
         <name>.const</name>
         <load_address>0xb650</load_address>
         <run_address>0xb650</run_address>
         <size>0x60</size>
         <contents>
            <object_component_ref idref="oc-8e"/>
            <object_component_ref idref="oc-88"/>
         </contents>
      </logical_group>
      <logical_group id="lg-a">
         <name>.switch</name>
         <run_address>0x0</run_address>
         <size>0x0</size>
         <contents>
         </contents>
      </logical_group>
      <logical_group id="lg-b">
         <name>.far</name>
         <run_address>0x220</run_address>
         <size>0x61b4</size>
         <contents>
            <object_component_ref idref="oc-11"/>
            <object_component_ref idref="oc-1b"/>
            <object_component_ref idref="oc-21"/>
            <object_component_ref idref="oc-27"/>
            <object_component_ref idref="oc-32"/>
            <object_component_ref idref="oc-3d"/>
            <object_component_ref idref="oc-4e"/>
            <object_component_ref idref="oc-5c"/>
            <object_component_ref idref="oc-70"/>
            <object_component_ref idref="oc-7d"/>
            <object_component_ref idref="oc-82"/>
            <object_component_ref idref="oc-87"/>
            <object_component_ref idref="oc-8d"/>
            <object_component_ref idref="oc-94"/>
            <object_component_ref idref="oc-9a"/>
         </contents>
      </logical_group>
      <logical_group id="lg-c">
         <name>.cio</name>
         <run_address>0x0</run_address>
         <size>0x0</size>
         <contents>
         </contents>
      </logical_group>
      <logical_group id="lg-d">
         <name>.csldata</name>
         <run_address>0x0</run_address>
         <size>0x0</size>
         <contents>
         </contents>
      </logical_group>
      <logical_group id="lg-e">
         <name>.data_c</name>
         <run_address>0x0</run_address>
         <size>0x0</size>
         <contents>
         </contents>
      </logical_group>
      <logical_group id="lg-d9">
         <name>.debug_info</name>
         <load_address>0x0</load_address>
         <run_address>0x0</run_address>
         <size>0x10f1d</size>
         <contents>
            <object_component_ref idref="oc-10"/>
            <object_component_ref idref="oc-17"/>
            <object_component_ref idref="oc-1a"/>
            <object_component_ref idref="oc-1f"/>
            <object_component_ref idref="oc-25"/>
            <object_component_ref idref="oc-2c"/>
            <object_component_ref idref="oc-30"/>
            <object_component_ref idref="oc-35"/>
            <object_component_ref idref="oc-38"/>
            <object_component_ref idref="oc-3b"/>
            <object_component_ref idref="oc-40"/>
            <object_component_ref idref="oc-43"/>
            <object_component_ref idref="oc-46"/>
            <object_component_ref idref="oc-49"/>
            <object_component_ref idref="oc-4c"/>
            <object_component_ref idref="oc-51"/>
            <object_component_ref idref="oc-54"/>
            <object_component_ref idref="oc-57"/>
            <object_component_ref idref="oc-5a"/>
            <object_component_ref idref="oc-5f"/>
            <object_component_ref idref="oc-62"/>
            <object_component_ref idref="oc-65"/>
            <object_component_ref idref="oc-68"/>
            <object_component_ref idref="oc-6b"/>
            <object_component_ref idref="oc-6e"/>
            <object_component_ref idref="oc-72"/>
            <object_component_ref idref="oc-75"/>
            <object_component_ref idref="oc-78"/>
            <object_component_ref idref="oc-7f"/>
            <object_component_ref idref="oc-84"/>
            <object_component_ref idref="oc-8a"/>
            <object_component_ref idref="oc-90"/>
            <object_component_ref idref="oc-96"/>
            <object_component_ref idref="oc-9c"/>
            <object_component_ref idref="oc-9e"/>
            <object_component_ref idref="oc-e3"/>
         </contents>
      </logical_group>
      <logical_group id="lg-db">
         <name>.debug_frame</name>
         <load_address>0x0</load_address>
         <run_address>0x0</run_address>
         <size>0xb57</size>
         <contents>
            <object_component_ref idref="oc-12"/>
            <object_component_ref idref="oc-1c"/>
            <object_component_ref idref="oc-22"/>
            <object_component_ref idref="oc-29"/>
         </contents>
      </logical_group>
      <logical_group id="lg-dd">
         <name>.debug_line</name>
         <load_address>0x0</load_address>
         <run_address>0x0</run_address>
         <size>0xe21</size>
         <contents>
            <object_component_ref idref="oc-13"/>
            <object_component_ref idref="oc-18"/>
            <object_component_ref idref="oc-1d"/>
            <object_component_ref idref="oc-23"/>
            <object_component_ref idref="oc-2a"/>
            <object_component_ref idref="oc-2e"/>
            <object_component_ref idref="oc-33"/>
            <object_component_ref idref="oc-36"/>
            <object_component_ref idref="oc-39"/>
            <object_component_ref idref="oc-3e"/>
            <object_component_ref idref="oc-41"/>
            <object_component_ref idref="oc-44"/>
            <object_component_ref idref="oc-47"/>
            <object_component_ref idref="oc-4a"/>
            <object_component_ref idref="oc-4f"/>
            <object_component_ref idref="oc-52"/>
            <object_component_ref idref="oc-55"/>
            <object_component_ref idref="oc-58"/>
            <object_component_ref idref="oc-5d"/>
            <object_component_ref idref="oc-60"/>
            <object_component_ref idref="oc-63"/>
            <object_component_ref idref="oc-66"/>
            <object_component_ref idref="oc-69"/>
            <object_component_ref idref="oc-6c"/>
            <object_component_ref idref="oc-73"/>
            <object_component_ref idref="oc-76"/>
            <object_component_ref idref="oc-79"/>
            <object_component_ref idref="oc-80"/>
            <object_component_ref idref="oc-85"/>
            <object_component_ref idref="oc-8b"/>
            <object_component_ref idref="oc-91"/>
            <object_component_ref idref="oc-97"/>
            <object_component_ref idref="oc-9d"/>
            <object_component_ref idref="oc-9f"/>
         </contents>
      </logical_group>
      <logical_group id="lg-df">
         <name>.debug_abbrev</name>
         <load_address>0x0</load_address>
         <run_address>0x0</run_address>
         <size>0x1f1c</size>
         <contents>
            <object_component_ref idref="oc-14"/>
            <object_component_ref idref="oc-19"/>
            <object_component_ref idref="oc-1e"/>
            <object_component_ref idref="oc-24"/>
            <object_component_ref idref="oc-2b"/>
            <object_component_ref idref="oc-2f"/>
            <object_component_ref idref="oc-34"/>
            <object_component_ref idref="oc-37"/>
            <object_component_ref idref="oc-3a"/>
            <object_component_ref idref="oc-3f"/>
            <object_component_ref idref="oc-42"/>
            <object_component_ref idref="oc-45"/>
            <object_component_ref idref="oc-48"/>
            <object_component_ref idref="oc-4b"/>
            <object_component_ref idref="oc-50"/>
            <object_component_ref idref="oc-53"/>
            <object_component_ref idref="oc-56"/>
            <object_component_ref idref="oc-59"/>
            <object_component_ref idref="oc-5e"/>
            <object_component_ref idref="oc-61"/>
            <object_component_ref idref="oc-64"/>
            <object_component_ref idref="oc-67"/>
            <object_component_ref idref="oc-6a"/>
            <object_component_ref idref="oc-6d"/>
            <object_component_ref idref="oc-71"/>
            <object_component_ref idref="oc-74"/>
            <object_component_ref idref="oc-77"/>
            <object_component_ref idref="oc-7a"/>
            <object_component_ref idref="oc-7e"/>
            <object_component_ref idref="oc-83"/>
            <object_component_ref idref="oc-89"/>
            <object_component_ref idref="oc-8f"/>
            <object_component_ref idref="oc-95"/>
            <object_component_ref idref="oc-9b"/>
            <object_component_ref idref="oc-a0"/>
            <object_component_ref idref="oc-e4"/>
         </contents>
      </logical_group>
   </logical_group_list>
   <placement_map>
      <memory_area>
         <name>IVECS</name>
         <page_id>0x0</page_id>
         <origin>0x0</origin>
         <length>0x220</length>
         <used_space>0x200</used_space>
         <unused_space>0x20</unused_space>
         <attributes>RWIX</attributes>
         <usage_details>
            <allocated_space>
               <start_address>0x0</start_address>
               <size>0x200</size>
               <logical_group_ref idref="lg-3"/>
            </allocated_space>
            <available_space>
               <start_address>0x200</start_address>
               <size>0x20</size>
            </available_space>
         </usage_details>
      </memory_area>
      <memory_area>
         <name>IRAM</name>
         <page_id>0x0</page_id>
         <origin>0x220</origin>
         <length>0x2bde0</length>
         <used_space>0xb480</used_space>
         <unused_space>0x20960</unused_space>
         <attributes>RWIX</attributes>
         <usage_details>
            <allocated_space>
               <start_address>0x220</start_address>
               <size>0x0</size>
               <logical_group_ref idref="lg-5"/>
            </allocated_space>
            <allocated_space>
               <start_address>0x220</start_address>
               <size>0x61b4</size>
               <logical_group_ref idref="lg-b"/>
            </allocated_space>
            <available_space>
               <start_address>0x63d4</start_address>
               <size>0xc</size>
            </available_space>
            <allocated_space>
               <start_address>0x63e0</start_address>
               <size>0x4d00</size>
               <logical_group_ref idref="lg-4"/>
            </allocated_space>
            <allocated_space>
               <start_address>0xb0e0</start_address>
               <size>0x46c</size>
               <logical_group_ref idref="lg-6"/>
            </allocated_space>
            <available_space>
               <start_address>0xb54c</start_address>
               <size>0x4</size>
            </available_space>
            <allocated_space>
               <start_address>0xb550</start_address>
               <size>0x100</size>
               <logical_group_ref idref="lg-7"/>
            </allocated_space>
            <allocated_space>
               <start_address>0xb650</start_address>
               <size>0x60</size>
               <logical_group_ref idref="lg-9"/>
            </allocated_space>
            <available_space>
               <start_address>0xb6b0</start_address>
               <size>0x20950</size>
            </available_space>
         </usage_details>
      </memory_area>
      <memory_area>
         <name>DATA_C</name>
         <page_id>0x0</page_id>
         <origin>0x2c000</origin>
         <length>0x4000</length>
         <used_space>0x0</used_space>
         <unused_space>0x4000</unused_space>
         <attributes>RWIX</attributes>
         <usage_details>
         </usage_details>
      </memory_area>
      <memory_area>
         <name>SDRAM</name>
         <page_id>0x0</page_id>
         <origin>0x80000000</origin>
         <length>0x100000</length>
         <used_space>0x0</used_space>
         <unused_space>0x100000</unused_space>
         <attributes>RWIX</attributes>
         <usage_details>
         </usage_details>
      </memory_area>
      <memory_area>
         <name>FLASH</name>
         <page_id>0x0</page_id>
         <origin>0x90000000</origin>
         <length>0x20000</length>
         <used_space>0x0</used_space>
         <unused_space>0x20000</unused_space>
         <attributes>RWIX</attributes>
         <usage_details>
         </usage_details>
      </memory_area>
   </placement_map>
   <symbol_table>
      <symbol id="sm-0">
         <name>cinit</name>
         <value>0xb0e0</value>
      </symbol>
      <symbol id="sm-1">
         <name>___cinit__</name>
         <value>0xb0e0</value>
      </symbol>
      <symbol id="sm-2">
         <name>pinit</name>
         <value>0xffffffff</value>
      </symbol>
      <symbol id="sm-3">
         <name>___pinit__</name>
         <value>0xffffffff</value>
      </symbol>
      <symbol id="sm-4">
         <name>binit</name>
         <value>0xffffffff</value>
      </symbol>
      <symbol id="sm-5">
         <name>___binit__</name>
         <value>0xffffffff</value>
      </symbol>
      <symbol id="sm-6">
         <name>__STACK_SIZE</name>
         <value>0x100</value>
      </symbol>
      <symbol id="sm-7">
         <name>__STACK_END</name>
         <value>0xb650</value>
      </symbol>
      <symbol id="sm-8">
         <name>___c_args__</name>
         <value>0xffffffff</value>
      </symbol>
      <symbol id="sm-9">
         <name>.text</name>
         <value>0x63e0</value>
      </symbol>
      <symbol id="sm-a">
         <name>___text__</name>
         <value>0x63e0</value>
      </symbol>
      <symbol id="sm-b">
         <name>etext</name>
         <value>0xb0e0</value>
      </symbol>
      <symbol id="sm-c">
         <name>___etext__</name>
         <value>0xb0e0</value>
      </symbol>
      <symbol id="sm-d">
         <name>.bss</name>
         <value>0x220</value>
      </symbol>
      <symbol id="sm-e">
         <name>___bss__</name>
         <value>0x220</value>
      </symbol>
      <symbol id="sm-f">
         <name>end</name>
         <value>0x220</value>
      </symbol>
      <symbol id="sm-10">
         <name>___end__</name>
         <value>0x220</value>
      </symbol>
      <symbol id="sm-11">
         <name>___TI_pprof_out_hndl</name>
         <value>0xffffffff</value>
      </symbol>
      <symbol id="sm-12">
         <name>___TI_prof_data_start</name>
         <value>0xffffffff</value>
      </symbol>
      <symbol id="sm-13">
         <name>___TI_prof_data_size</name>
         <value>0xffffffff</value>
      </symbol>
      <symbol id="sm-14">
         <name>$bss</name>
         <value>0x220</value>
      </symbol>
      <symbol id="sm-53">
         <name>_AutoWah_sweep</name>
         <value>0x912c</value>
         <object_component_ref idref="oc-a4"/>
      </symbol>
      <symbol id="sm-54">
         <name>_AutoWah_process</name>
         <value>0x90e0</value>
         <object_component_ref idref="oc-a4"/>
      </symbol>
      <symbol id="sm-55">
         <name>_AutoWah_init</name>
         <value>0x8fc0</value>
         <object_component_ref idref="oc-a4"/>
      </symbol>
      <symbol id="sm-62">
         <name>_vector10</name>
         <value>0x140</value>
         <object_component_ref idref="oc-16"/>
      </symbol>
      <symbol id="sm-63">
         <name>_vector12</name>
         <value>0x180</value>
         <object_component_ref idref="oc-16"/>
      </symbol>
      <symbol id="sm-64">
         <name>_vector13</name>
         <value>0x1a0</value>
         <object_component_ref idref="oc-16"/>
      </symbol>
      <symbol id="sm-65">
         <name>_vector14</name>
         <value>0x1c0</value>
         <object_component_ref idref="oc-16"/>
      </symbol>
      <symbol id="sm-66">
         <name>_vector15</name>
         <value>0x1e0</value>
         <object_component_ref idref="oc-16"/>
      </symbol>
      <symbol id="sm-67">
         <name>_vectors</name>
         <value>0x0</value>
         <object_component_ref idref="oc-16"/>
      </symbol>
      <symbol id="sm-68">
         <name>_vector1</name>
         <value>0x20</value>
         <object_component_ref idref="oc-16"/>
      </symbol>
      <symbol id="sm-69">
         <name>_vector3</name>
         <value>0x60</value>
         <object_component_ref idref="oc-16"/>
      </symbol>
      <symbol id="sm-6a">
         <name>_vector2</name>
         <value>0x40</value>
         <object_component_ref idref="oc-16"/>
      </symbol>
      <symbol id="sm-6b">
         <name>_vector5</name>
         <value>0xa0</value>
         <object_component_ref idref="oc-16"/>
      </symbol>
      <symbol id="sm-6c">
         <name>_vector4</name>
         <value>0x80</value>
         <object_component_ref idref="oc-16"/>
      </symbol>
      <symbol id="sm-6d">
         <name>_vector7</name>
         <value>0xe0</value>
         <object_component_ref idref="oc-16"/>
      </symbol>
      <symbol id="sm-6e">
         <name>_vector6</name>
         <value>0xc0</value>
         <object_component_ref idref="oc-16"/>
      </symbol>
      <symbol id="sm-6f">
         <name>_vector9</name>
         <value>0x120</value>
         <object_component_ref idref="oc-16"/>
      </symbol>
      <symbol id="sm-70">
         <name>_vector8</name>
         <value>0x100</value>
         <object_component_ref idref="oc-16"/>
      </symbol>
      <symbol id="sm-89">
         <name>_bp_iir_setup</name>
         <value>0x7ed8</value>
         <object_component_ref idref="oc-b0"/>
      </symbol>
      <symbol id="sm-8a">
         <name>_bp_iir_filter</name>
         <value>0x7fe8</value>
         <object_component_ref idref="oc-b0"/>
      </symbol>
      <symbol id="sm-8b">
         <name>_bp_iir_init</name>
         <value>0x7ba0</value>
         <object_component_ref idref="oc-b0"/>
      </symbol>
      <symbol id="sm-d4">
         <name>_comm_poll</name>
         <value>0x6da4</value>
         <object_component_ref idref="oc-a5"/>
      </symbol>
      <symbol id="sm-d5">
         <name>_output_left_sample</name>
         <value>0x701c</value>
         <object_component_ref idref="oc-a5"/>
      </symbol>
      <symbol id="sm-d6">
         <name>_comm_intr</name>
         <value>0x6dd8</value>
         <object_component_ref idref="oc-a5"/>
      </symbol>
      <symbol id="sm-d7">
         <name>_input_left_sample</name>
         <value>0x72e0</value>
         <object_component_ref idref="oc-a5"/>
      </symbol>
      <symbol id="sm-d8">
         <name>_output_sample</name>
         <value>0x6f04</value>
         <object_component_ref idref="oc-a5"/>
      </symbol>
      <symbol id="sm-d9">
         <name>_c6713_dsk_init</name>
         <value>0x6ce0</value>
         <object_component_ref idref="oc-a5"/>
      </symbol>
      <symbol id="sm-da">
         <name>_config</name>
         <value>0x629c</value>
         <object_component_ref idref="oc-21"/>
      </symbol>
      <symbol id="sm-db">
         <name>_input_right_sample</name>
         <value>0x73a8</value>
         <object_component_ref idref="oc-a5"/>
      </symbol>
      <symbol id="sm-dc">
         <name>_AIC_data</name>
         <value>0x6270</value>
         <object_component_ref idref="oc-21"/>
      </symbol>
      <symbol id="sm-dd">
         <name>_hAIC23_handle</name>
         <value>0x62c4</value>
         <object_component_ref idref="oc-21"/>
      </symbol>
      <symbol id="sm-de">
         <name>_AIC23CfgData</name>
         <value>0x627c</value>
         <object_component_ref idref="oc-21"/>
      </symbol>
      <symbol id="sm-df">
         <name>_input_sample</name>
         <value>0x71dc</value>
         <object_component_ref idref="oc-a5"/>
      </symbol>
      <symbol id="sm-e0">
         <name>_output_right_sample</name>
         <value>0x70fc</value>
         <object_component_ref idref="oc-a5"/>
      </symbol>
      <symbol id="sm-fa">
         <name>_main</name>
         <value>0xb0c0</value>
         <object_component_ref idref="oc-ad"/>
      </symbol>
      <symbol id="sm-fb">
         <name>_c_int11</name>
         <value>0x94e0</value>
         <object_component_ref idref="oc-28"/>
      </symbol>
      <symbol id="sm-fc">
         <name>_XnBuf</name>
         <value>0x228</value>
         <object_component_ref idref="oc-27"/>
      </symbol>
      <symbol id="sm-fd">
         <name>_ynBuf</name>
         <value>0x27a8</value>
         <object_component_ref idref="oc-27"/>
      </symbol>
      <symbol id="sm-fe">
         <name>_fs</name>
         <value>0x220</value>
         <object_component_ref idref="oc-27"/>
      </symbol>
      <symbol id="sm-ff">
         <name>_xin</name>
         <value>0x4d2a</value>
         <object_component_ref idref="oc-27"/>
      </symbol>
      <symbol id="sm-100">
         <name>_yout</name>
         <value>0x4d2c</value>
         <object_component_ref idref="oc-27"/>
      </symbol>
      <symbol id="sm-101">
         <name>_i</name>
         <value>0x4d28</value>
         <object_component_ref idref="oc-27"/>
      </symbol>
      <symbol id="sm-102">
         <name>_Xn</name>
         <value>0x224</value>
         <object_component_ref idref="oc-27"/>
      </symbol>
      <symbol id="sm-10e">
         <name>_c_int00</name>
         <value>0xad80</value>
         <object_component_ref idref="oc-f"/>
      </symbol>
      <symbol id="sm-10f">
         <name>__stack</name>
         <value>0xb550</value>
         <object_component_ref idref="oc-2d"/>
      </symbol>
      <symbol id="sm-11d">
         <name>_cos</name>
         <value>0x8960</value>
         <object_component_ref idref="oc-c2"/>
      </symbol>
      <symbol id="sm-127">
         <name>__divd</name>
         <value>0x7480</value>
         <object_component_ref idref="oc-c0"/>
      </symbol>
      <symbol id="sm-12f">
         <name>__c6xabi_divi</name>
         <value>0x9fe0</value>
         <object_component_ref idref="oc-af"/>
      </symbol>
      <symbol id="sm-130">
         <name>__divi</name>
         <value>0x9fe0</value>
         <object_component_ref idref="oc-af"/>
      </symbol>
      <symbol id="sm-140">
         <name>C$$EXIT</name>
         <value>0xb080</value>
         <object_component_ref idref="oc-ae"/>
      </symbol>
      <symbol id="sm-141">
         <name>_exit</name>
         <value>0xa7e0</value>
         <object_component_ref idref="oc-a3"/>
      </symbol>
      <symbol id="sm-142">
         <name>___TI_enable_exit_profile_output</name>
         <value>0x63c8</value>
         <object_component_ref idref="oc-3d"/>
      </symbol>
      <symbol id="sm-143">
         <name>_abort</name>
         <value>0xb080</value>
         <object_component_ref idref="oc-ae"/>
      </symbol>
      <symbol id="sm-144">
         <name>__cleanup_ptr</name>
         <value>0x63c0</value>
         <object_component_ref idref="oc-3d"/>
      </symbol>
      <symbol id="sm-145">
         <name>__dtors_ptr</name>
         <value>0x63c4</value>
         <object_component_ref idref="oc-3d"/>
      </symbol>
      <symbol id="sm-14f">
         <name>__frcmpyd_div</name>
         <value>0x9d60</value>
         <object_component_ref idref="oc-ca"/>
      </symbol>
      <symbol id="sm-159">
         <name>__llshru</name>
         <value>0xae00</value>
         <object_component_ref idref="oc-c9"/>
      </symbol>
      <symbol id="sm-163">
         <name>_modf</name>
         <value>0xa8c0</value>
         <object_component_ref idref="oc-c8"/>
      </symbol>
      <symbol id="sm-16d">
         <name>__mpyll</name>
         <value>0xabc0</value>
         <object_component_ref idref="oc-cb"/>
      </symbol>
      <symbol id="sm-17b">
         <name>_pow</name>
         <value>0x63e0</value>
         <object_component_ref idref="oc-be"/>
      </symbol>
      <symbol id="sm-183">
         <name>__remi</name>
         <value>0xa520</value>
         <object_component_ref idref="oc-a6"/>
      </symbol>
      <symbol id="sm-184">
         <name>__c6xabi_remi</name>
         <value>0xa520</value>
         <object_component_ref idref="oc-a6"/>
      </symbol>
      <symbol id="sm-18e">
         <name>__nround</name>
         <value>0xa620</value>
         <object_component_ref idref="oc-c6"/>
      </symbol>
      <symbol id="sm-198">
         <name>_sqrt</name>
         <value>0x9ea0</value>
         <object_component_ref idref="oc-bf"/>
      </symbol>
      <symbol id="sm-1a6">
         <name>_tan</name>
         <value>0x85c0</value>
         <object_component_ref idref="oc-c1"/>
      </symbol>
      <symbol id="sm-1b0">
         <name>__trunc</name>
         <value>0xaf20</value>
         <object_component_ref idref="oc-c7"/>
      </symbol>
      <symbol id="sm-1ba">
         <name>__args_main</name>
         <value>0xaee0</value>
         <object_component_ref idref="oc-a2"/>
      </symbol>
      <symbol id="sm-1bb">
         <name>__TI_args_main</name>
         <value>0x1</value>
      </symbol>
      <symbol id="sm-1c5">
         <name>__auto_init</name>
         <value>0xa420</value>
         <object_component_ref idref="oc-a1"/>
      </symbol>
      <symbol id="sm-1cf">
         <name>___TI_cpp_init</name>
         <value>0xad00</value>
         <object_component_ref idref="oc-ac"/>
      </symbol>
      <symbol id="sm-1d9">
         <name>_copy_in</name>
         <value>0xa9a0</value>
         <object_component_ref idref="oc-aa"/>
      </symbol>
      <symbol id="sm-1e3">
         <name>_errno</name>
         <value>0x6204</value>
         <object_component_ref idref="oc-70"/>
      </symbol>
      <symbol id="sm-1ed">
         <name>_frexp</name>
         <value>0xa100</value>
         <object_component_ref idref="oc-c4"/>
      </symbol>
      <symbol id="sm-1f7">
         <name>_ldexp</name>
         <value>0x9a60</value>
         <object_component_ref idref="oc-c5"/>
      </symbol>
      <symbol id="sm-201">
         <name>_memcpy</name>
         <value>0x92a0</value>
         <object_component_ref idref="oc-ab"/>
      </symbol>
      <symbol id="sm-21d">
         <name>__IRQ_eventTable</name>
         <value>0x6138</value>
         <object_component_ref idref="oc-7d"/>
      </symbol>
      <symbol id="sm-21e">
         <name>_IRQ_nmiEnable</name>
         <value>0xafc0</value>
         <object_component_ref idref="oc-b7"/>
      </symbol>
      <symbol id="sm-21f">
         <name>_IRQ_reset</name>
         <value>0xaea0</value>
         <object_component_ref idref="oc-b5"/>
      </symbol>
      <symbol id="sm-220">
         <name>__IRQ_intTable</name>
         <value>0x61bc</value>
         <object_component_ref idref="oc-7d"/>
      </symbol>
      <symbol id="sm-221">
         <name>_IRQ_globalEnable</name>
         <value>0xafa0</value>
         <object_component_ref idref="oc-b6"/>
      </symbol>
      <symbol id="sm-222">
         <name>_IRQ_globalDisable</name>
         <value>0xaf80</value>
         <object_component_ref idref="oc-b2"/>
      </symbol>
      <symbol id="sm-223">
         <name>_IRQ_map</name>
         <value>0x9700</value>
         <object_component_ref idref="oc-b4"/>
      </symbol>
      <symbol id="sm-224">
         <name>_IRQ_enable</name>
         <value>0xae60</value>
         <object_component_ref idref="oc-b8"/>
      </symbol>
      <symbol id="sm-225">
         <name>__IRQ_dispatchTable</name>
         <value>0x61fc</value>
         <object_component_ref idref="oc-7d"/>
      </symbol>
      <symbol id="sm-226">
         <name>__IRQ_hookFetchPacket</name>
         <value>0xb0a0</value>
         <object_component_ref idref="oc-7b"/>
      </symbol>
      <symbol id="sm-244">
         <name>_MCBSP_reset</name>
         <value>0x98c0</value>
         <object_component_ref idref="oc-bd"/>
      </symbol>
      <symbol id="sm-245">
         <name>_MCBSP_read</name>
         <value>0xb000</value>
         <object_component_ref idref="oc-bc"/>
      </symbol>
      <symbol id="sm-246">
         <name>_MCBSP_getXmtEventId</name>
         <value>0xafe0</value>
         <object_component_ref idref="oc-b3"/>
      </symbol>
      <symbol id="sm-247">
         <name>_MCBSP_open</name>
         <value>0xa220</value>
         <object_component_ref idref="oc-a8"/>
      </symbol>
      <symbol id="sm-248">
         <name>__MCBSP_hDev0</name>
         <value>0x6338</value>
         <object_component_ref idref="oc-82"/>
      </symbol>
      <symbol id="sm-249">
         <name>__MCBSP_hDev1</name>
         <value>0x633c</value>
         <object_component_ref idref="oc-82"/>
      </symbol>
      <symbol id="sm-24a">
         <name>_MCBSP_start</name>
         <value>0xa320</value>
         <object_component_ref idref="oc-a9"/>
      </symbol>
      <symbol id="sm-24b">
         <name>_MCBSP_rrdy</name>
         <value>0xb020</value>
         <object_component_ref idref="oc-bb"/>
      </symbol>
      <symbol id="sm-24c">
         <name>_MCBSP_config</name>
         <value>0xab20</value>
         <object_component_ref idref="oc-b1"/>
      </symbol>
      <symbol id="sm-24d">
         <name>_MCBSP_xrdy</name>
         <value>0xb060</value>
         <object_component_ref idref="oc-b9"/>
      </symbol>
      <symbol id="sm-24e">
         <name>_MCBSP_write</name>
         <value>0xb040</value>
         <object_component_ref idref="oc-ba"/>
      </symbol>
      <symbol id="sm-25c">
         <name>_DSK6713_init</name>
         <value>0x818c</value>
         <object_component_ref idref="oc-86"/>
      </symbol>
      <symbol id="sm-25d">
         <name>_DSK6713_version</name>
         <value>0x4d2e</value>
         <object_component_ref idref="oc-87"/>
      </symbol>
      <symbol id="sm-25e">
         <name>_DSK6713_rget</name>
         <value>0x84a8</value>
         <object_component_ref idref="oc-86"/>
      </symbol>
      <symbol id="sm-25f">
         <name>_DSK6713_wait</name>
         <value>0x84d0</value>
         <object_component_ref idref="oc-86"/>
      </symbol>
      <symbol id="sm-260">
         <name>_DSK6713_rset</name>
         <value>0x84bc</value>
         <object_component_ref idref="oc-86"/>
      </symbol>
      <symbol id="sm-261">
         <name>_DSK6713_waitusec</name>
         <value>0x8528</value>
         <object_component_ref idref="oc-86"/>
      </symbol>
      <symbol id="sm-262">
         <name>_DSK6713_getVersion</name>
         <value>0x8554</value>
         <object_component_ref idref="oc-86"/>
      </symbol>
      <symbol id="sm-270">
         <name>_DSK6713_AIC23_codeccontrolhandle</name>
         <value>0x63cc</value>
         <object_component_ref idref="oc-8d"/>
      </symbol>
      <symbol id="sm-271">
         <name>_DSK6713_AIC23_codecdatahandle</name>
         <value>0x63d0</value>
         <object_component_ref idref="oc-8d"/>
      </symbol>
      <symbol id="sm-272">
         <name>_DSK6713_AIC23_openCodec</name>
         <value>0x8ca0</value>
         <object_component_ref idref="oc-8c"/>
      </symbol>
      <symbol id="sm-280">
         <name>_DSK6713_AIC23_config</name>
         <value>0x9cc0</value>
         <object_component_ref idref="oc-92"/>
      </symbol>
      <symbol id="sm-281">
         <name>_DSK6713_AIC23_rget</name>
         <value>0x9c9c</value>
         <object_component_ref idref="oc-92"/>
      </symbol>
      <symbol id="sm-282">
         <name>_DSK6713_AIC23_rset</name>
         <value>0x9c00</value>
         <object_component_ref idref="oc-92"/>
      </symbol>
      <symbol id="sm-290">
         <name>_DSK6713_AIC23_setFreq</name>
         <value>0xaa60</value>
         <object_component_ref idref="oc-98"/>
      </symbol>
      <symbol id="sm-298">
         <name>__strasg</name>
         <value>0xa700</value>
         <object_component_ref idref="oc-a7"/>
      </symbol>
   </symbol_table>
</link_info>
